Product: MDK-ARM Standard 5.10
Component: ARM Compiler 5.04 update 1 (build 49)
Tool: armlink [5040049]

==============================================================================

Section Cross References

    startup_stm32f10x_hd.o(RESET) refers to startup_stm32f10x_hd.o(STACK) for __initial_sp
    startup_stm32f10x_hd.o(RESET) refers to startup_stm32f10x_hd.o(.text) for Reset_Handler
    startup_stm32f10x_hd.o(RESET) refers to stm32f10x_it.o(i.NMI_Handler) for NMI_Handler
    startup_stm32f10x_hd.o(RESET) refers to stm32f10x_it.o(i.HardFault_Handler) for HardFault_Handler
    startup_stm32f10x_hd.o(RESET) refers to stm32f10x_it.o(i.MemManage_Handler) for MemManage_Handler
    startup_stm32f10x_hd.o(RESET) refers to stm32f10x_it.o(i.BusFault_Handler) for BusFault_Handler
    startup_stm32f10x_hd.o(RESET) refers to stm32f10x_it.o(i.UsageFault_Handler) for UsageFault_Handler
    startup_stm32f10x_hd.o(RESET) refers to stm32f10x_it.o(i.SVC_Handler) for SVC_Handler
    startup_stm32f10x_hd.o(RESET) refers to stm32f10x_it.o(i.DebugMon_Handler) for DebugMon_Handler
    startup_stm32f10x_hd.o(RESET) refers to stm32f10x_it.o(i.PendSV_Handler) for PendSV_Handler
    startup_stm32f10x_hd.o(RESET) refers to stm32f10x_it.o(i.SysTick_Handler) for SysTick_Handler
    startup_stm32f10x_hd.o(RESET) refers to stm32f10x_it.o(i.USART1_IRQHandler) for USART1_IRQHandler
    startup_stm32f10x_hd.o(.text) refers to system_stm32f10x.o(i.SystemInit) for SystemInit
    startup_stm32f10x_hd.o(.text) refers to entry.o(.ARM.Collect$$$$00000000) for __main
    system_stm32f10x.o(i.SetSysClock) refers to system_stm32f10x.o(i.SetSysClockTo72) for SetSysClockTo72
    system_stm32f10x.o(i.SystemCoreClockUpdate) refers to system_stm32f10x.o(.data) for SystemCoreClock
    system_stm32f10x.o(i.SystemInit) refers to system_stm32f10x.o(i.SetSysClock) for SetSysClock
    stm32f10x_adc.o(i.ADC_DeInit) refers to stm32f10x_rcc.o(i.RCC_APB2PeriphResetCmd) for RCC_APB2PeriphResetCmd
    stm32f10x_bkp.o(i.BKP_DeInit) refers to stm32f10x_rcc.o(i.RCC_BackupResetCmd) for RCC_BackupResetCmd
    stm32f10x_can.o(i.CAN_DeInit) refers to stm32f10x_rcc.o(i.RCC_APB1PeriphResetCmd) for RCC_APB1PeriphResetCmd
    stm32f10x_can.o(i.CAN_GetITStatus) refers to stm32f10x_can.o(i.CheckITStatus) for CheckITStatus
    stm32f10x_cec.o(i.CEC_DeInit) refers to stm32f10x_rcc.o(i.RCC_APB1PeriphResetCmd) for RCC_APB1PeriphResetCmd
    stm32f10x_dac.o(i.DAC_DeInit) refers to stm32f10x_rcc.o(i.RCC_APB1PeriphResetCmd) for RCC_APB1PeriphResetCmd
    stm32f10x_flash.o(i.FLASH_EnableWriteProtection) refers to stm32f10x_flash.o(i.FLASH_WaitForLastOperation) for FLASH_WaitForLastOperation
    stm32f10x_flash.o(i.FLASH_EraseAllBank1Pages) refers to stm32f10x_flash.o(i.FLASH_WaitForLastBank1Operation) for FLASH_WaitForLastBank1Operation
    stm32f10x_flash.o(i.FLASH_EraseAllPages) refers to stm32f10x_flash.o(i.FLASH_WaitForLastOperation) for FLASH_WaitForLastOperation
    stm32f10x_flash.o(i.FLASH_EraseOptionBytes) refers to stm32f10x_flash.o(i.FLASH_GetReadOutProtectionStatus) for FLASH_GetReadOutProtectionStatus
    stm32f10x_flash.o(i.FLASH_EraseOptionBytes) refers to stm32f10x_flash.o(i.FLASH_WaitForLastOperation) for FLASH_WaitForLastOperation
    stm32f10x_flash.o(i.FLASH_ErasePage) refers to stm32f10x_flash.o(i.FLASH_WaitForLastOperation) for FLASH_WaitForLastOperation
    stm32f10x_flash.o(i.FLASH_ProgramHalfWord) refers to stm32f10x_flash.o(i.FLASH_WaitForLastOperation) for FLASH_WaitForLastOperation
    stm32f10x_flash.o(i.FLASH_ProgramOptionByteData) refers to stm32f10x_flash.o(i.FLASH_WaitForLastOperation) for FLASH_WaitForLastOperation
    stm32f10x_flash.o(i.FLASH_ProgramWord) refers to stm32f10x_flash.o(i.FLASH_WaitForLastOperation) for FLASH_WaitForLastOperation
    stm32f10x_flash.o(i.FLASH_ReadOutProtection) refers to stm32f10x_flash.o(i.FLASH_WaitForLastOperation) for FLASH_WaitForLastOperation
    stm32f10x_flash.o(i.FLASH_UserOptionByteConfig) refers to stm32f10x_flash.o(i.FLASH_WaitForLastOperation) for FLASH_WaitForLastOperation
    stm32f10x_flash.o(i.FLASH_WaitForLastBank1Operation) refers to stm32f10x_flash.o(i.FLASH_GetBank1Status) for FLASH_GetBank1Status
    stm32f10x_flash.o(i.FLASH_WaitForLastOperation) refers to stm32f10x_flash.o(i.FLASH_GetBank1Status) for FLASH_GetBank1Status
    stm32f10x_gpio.o(i.GPIO_AFIODeInit) refers to stm32f10x_rcc.o(i.RCC_APB2PeriphResetCmd) for RCC_APB2PeriphResetCmd
    stm32f10x_gpio.o(i.GPIO_DeInit) refers to stm32f10x_rcc.o(i.RCC_APB2PeriphResetCmd) for RCC_APB2PeriphResetCmd
    stm32f10x_i2c.o(i.I2C_DeInit) refers to stm32f10x_rcc.o(i.RCC_APB1PeriphResetCmd) for RCC_APB1PeriphResetCmd
    stm32f10x_i2c.o(i.I2C_Init) refers to stm32f10x_rcc.o(i.RCC_GetClocksFreq) for RCC_GetClocksFreq
    stm32f10x_pwr.o(i.PWR_DeInit) refers to stm32f10x_rcc.o(i.RCC_APB1PeriphResetCmd) for RCC_APB1PeriphResetCmd
    stm32f10x_rcc.o(i.RCC_GetClocksFreq) refers to stm32f10x_rcc.o(.data) for APBAHBPrescTable
[...]
    mfrc500.o(i.ClearBitMask) refers to parallelport.o(i.ReadRawRC) for ReadRawRC
    mfrc500.o(i.ClearBitMask) refers to parallelport.o(i.WriteRawRC) for WriteRawRC
    mfrc500.o(i.PcdAntennaOff) refers to mfrc500.o(i.ClearBitMask) for ClearBitMask
    mfrc500.o(i.PcdAntennaOn) refers to parallelport.o(i.ReadRawRC) for ReadRawRC
    mfrc500.o(i.PcdAntennaOn) refers to mfrc500.o(i.SetBitMask) for SetBitMask
    mfrc500.o(i.PcdAuthKey) refers to mfrc500.o(i.PcdSetTmo) for PcdSetTmo
    mfrc500.o(i.PcdAuthKey) refers to mfrc500.o(i.PcdCmdProcess) for PcdCmdProcess
    mfrc500.o(i.PcdCmdProcess) refers to parallelport.o(i.WriteRawRC) for WriteRawRC
    mfrc500.o(i.PcdCmdProcess) refers to mfrc500.o(i.PcdFlushFIFO) for PcdFlushFIFO
    mfrc500.o(i.PcdCmdProcess) refers to mfrc500.o(i.SetBitMask) for SetBitMask
    mfrc500.o(i.PcdCmdProcess) refers to parallelport.o(i.ReadRawRC) for ReadRawRC
    mfrc500.o(i.PcdConfigISOType) refers to parallelport.o(i.WriteRawRC) for WriteRawRC
    mfrc500.o(i.PcdConfigISOType) refers to systick.o(i.Delay_us) for Delay_us
    mfrc500.o(i.PcdConfigISOType) refers to mfrc500.o(i.ClearBitMask) for ClearBitMask
    mfrc500.o(i.PcdConfigISOType) refers to mfrc500.o(i.PcdSetTmo) for PcdSetTmo
    mfrc500.o(i.PcdConfigISOType) refers to mfrc500.o(i.PcdAntennaOff) for PcdAntennaOff
    mfrc500.o(i.PcdConfigISOType) refers to mfrc500.o(i.PcdAntennaOn) for PcdAntennaOn
    mfrc500.o(i.PcdFlushFIFO) refers to mfrc500.o(i.SetBitMask) for SetBitMask
    mfrc500.o(i.PcdReset) refers to systick.o(i.Delay_us) for Delay_us
    mfrc500.o(i.PcdReset) refers to parallelport.o(i.ReadRawRC) for ReadRawRC
    mfrc500.o(i.PcdReset) refers to parallelport.o(i.WriteRawRC) for WriteRawRC
    mfrc500.o(i.PcdSetTmo) refers to parallelport.o(i.WriteRawRC) for WriteRawRC
    mfrc500.o(i.RC500Init) refers to systick.o(i.Delay_us) for Delay_us
    mfrc500.o(i.RC500Init) refers to mfrc500.o(i.PcdReset) for PcdReset
    mfrc500.o(i.RC500Init) refers to mfrc500.o(i.PcdConfigISOType) for PcdConfigISOType
    mfrc500.o(i.RC500_ReadE2) refers to mfrc500.o(i.PcdCmdProcess) for PcdCmdProcess
    mfrc500.o(i.RC500_ReadE2) refers to memcpya.o(.text) for __aeabi_memcpy
    mfrc500.o(i.SetBitMask) refers to parallelport.o(i.ReadRawRC) for ReadRawRC
    mfrc500.o(i.SetBitMask) refers to parallelport.o(i.WriteRawRC) for WriteRawRC
    iso14443a.o(i.PcdAuthState) refers to parallelport.o(i.WriteRawRC) for WriteRawRC
    iso14443a.o(i.PcdAuthState) refers to mfrc500.o(i.PcdSetTmo) for PcdSetTmo
    iso14443a.o(i.PcdAuthState) refers to mfrc500.o(i.PcdCmdProcess) for PcdCmdProcess
    iso14443a.o(i.PcdAuthState) refers to parallelport.o(i.ReadRawRC) for ReadRawRC
    iso14443a.o(i.PiccAnticollisionLoop) refers to memseta.o(.text) for __aeabi_memclr4
    iso14443a.o(i.PiccAnticollisionLoop) refers to parallelport.o(i.WriteRawRC) for WriteRawRC
    iso14443a.o(i.PiccAnticollisionLoop) refers to mfrc500.o(i.ClearBitMask) for ClearBitMask
    iso14443a.o(i.PiccAnticollisionLoop) refers to mfrc500.o(i.PcdSetTmo) for PcdSetTmo
    iso14443a.o(i.PiccAnticollisionLoop) refers to mfrc500.o(i.PcdCmdProcess) for PcdCmdProcess
    iso14443a.o(i.PiccCascAnticollision) refers to iso14443a.o(i.PiccAnticollisionLoop) for PiccAnticollisionLoop
    iso14443a.o(i.PiccCascAnticollision) refers to iso14443a.o(i.PiccSelect) for PiccSelect
    iso14443a.o(i.PiccRead) refers to mfrc500.o(i.PcdSetTmo) for PcdSetTmo
    iso14443a.o(i.PiccRead) refers to parallelport.o(i.WriteRawRC) for WriteRawRC
    iso14443a.o(i.PiccRead) refers to mfrc500.o(i.PcdCmdProcess) for PcdCmdProcess
    iso14443a.o(i.PiccRead) refers to memcpya.o(.text) for __aeabi_memcpy
    iso14443a.o(i.PiccRequest) refers to parallelport.o(i.WriteRawRC) for WriteRawRC
    iso14443a.o(i.PiccRequest) refers to mfrc500.o(i.ClearBitMask) for ClearBitMask
    iso14443a.o(i.PiccRequest) refers to mfrc500.o(i.SetBitMask) for SetBitMask
    iso14443a.o(i.PiccRequest) refers to mfrc500.o(i.PcdSetTmo) for PcdSetTmo
    iso14443a.o(i.PiccRequest) refers to mfrc500.o(i.PcdCmdProcess) for PcdCmdProcess
    iso14443a.o(i.PiccSelect) refers to parallelport.o(i.WriteRawRC) for WriteRawRC
    iso14443a.o(i.PiccSelect) refers to mfrc500.o(i.ClearBitMask) for ClearBitMask
    iso14443a.o(i.PiccSelect) refers to mfrc500.o(i.PcdSetTmo) for PcdSetTmo
    iso14443a.o(i.PiccSelect) refers to mfrc500.o(i.PcdCmdProcess) for PcdCmdProcess
    iso14443a.o(i.PiccValues) refers to mfrc500.o(i.PcdSetTmo) for PcdSetTmo
    iso14443a.o(i.PiccValues) refers to parallelport.o(i.WriteRawRC) for WriteRawRC
    iso14443a.o(i.PiccValues) refers to mfrc500.o(i.PcdCmdProcess) for PcdCmdProcess
    iso14443a.o(i.PiccWrite) refers to mfrc500.o(i.PcdSetTmo) for PcdSetTmo
    iso14443a.o(i.PiccWrite) refers to parallelport.o(i.WriteRawRC) for WriteRawRC
    iso14443a.o(i.PiccWrite) refers to mfrc500.o(i.PcdCmdProcess) for PcdCmdProcess
    iso14443a.o(i.PiccWrite) refers to memcpya.o(.text) for __aeabi_memcpy
    apps.o(i.ComM1Authentication) refers to iso14443a.o(i.PiccRequest) for PiccRequest
    apps.o(i.ComM1Authentication) refers to iso14443a.o(i.PiccCascAnticollision) for PiccCascAnticollision
    apps.o(i.ComM1Authentication) refers to utils.o(i.ChangeCodeKey) for ChangeCodeKey
    apps.o(i.ComM1Authentication) refers to mfrc500.o(i.PcdAuthKey) for PcdAuthKey
    apps.o(i.ComM1Authentication) refers to iso14443a.o(i.PcdAuthState) for PcdAuthState
    apps.o(i.ComM1BlockRead) refers to iso14443a.o(i.PiccRequest) for PiccRequest
    apps.o(i.ComM1BlockRead) refers to iso14443a.o(i.PiccCascAnticollision) for PiccCascAnticollision
    apps.o(i.ComM1BlockRead) refers to utils.o(i.ChangeCodeKey) for ChangeCodeKey
    apps.o(i.ComM1BlockRead) refers to mfrc500.o(i.PcdAuthKey) for PcdAuthKey
    apps.o(i.ComM1BlockRead) refers to iso14443a.o(i.PcdAuthState) for PcdAuthState
    apps.o(i.ComM1BlockRead) refers to iso14443a.o(i.PiccRead) for PiccRead
    apps.o(i.ComM1BlockWrite) refers to iso14443a.o(i.PiccRequest) for PiccRequest
    apps.o(i.ComM1BlockWrite) refers to iso14443a.o(i.PiccCascAnticollision) for PiccCascAnticollision
    apps.o(i.ComM1BlockWrite) refers to utils.o(i.ChangeCodeKey) for ChangeCodeKey
    apps.o(i.ComM1BlockWrite) refers to mfrc500.o(i.PcdAuthKey) for PcdAuthKey
    apps.o(i.ComM1BlockWrite) refers to iso14443a.o(i.PcdAuthState) for PcdAuthState
    apps.o(i.ComM1BlockWrite) refers to iso14443a.o(i.PiccWrite) for PiccWrite
    apps.o(i.ComM1RequestA) refers to iso14443a.o(i.PiccRequest) for PiccRequest
    apps.o(i.ComM1RequestA) refers to iso14443a.o(i.PiccCascAnticollision) for PiccCascAnticollision
    apps.o(i.ComM1WalletCheck) refers to iso14443a.o(i.PiccRequest) for PiccRequest
    apps.o(i.ComM1WalletCheck) refers to iso14443a.o(i.PiccCascAnticollision) for PiccCascAnticollision
    apps.o(i.ComM1WalletCheck) refers to utils.o(i.ChangeCodeKey) for ChangeCodeKey
    apps.o(i.ComM1WalletCheck) refers to mfrc500.o(i.PcdAuthKey) for PcdAuthKey
    apps.o(i.ComM1WalletCheck) refers to iso14443a.o(i.PcdAuthState) for PcdAuthState
    apps.o(i.ComM1WalletCheck) refers to iso14443a.o(i.PiccRead) for PiccRead
    apps.o(i.ComM1WalletDebit) refers to iso14443a.o(i.PiccRequest) for PiccRequest
    apps.o(i.ComM1WalletDebit) refers to iso14443a.o(i.PiccCascAnticollision) for PiccCascAnticollision
    apps.o(i.ComM1WalletDebit) refers to utils.o(i.ChangeCodeKey) for ChangeCodeKey
    apps.o(i.ComM1WalletDebit) refers to mfrc500.o(i.PcdAuthKey) for PcdAuthKey
    apps.o(i.ComM1WalletDebit) refers to iso14443a.o(i.PcdAuthState) for PcdAuthState
    apps.o(i.ComM1WalletDebit) refers to iso14443a.o(i.PiccValues) for PiccValues
    apps.o(i.ComM1WalletInit) refers to iso14443a.o(i.PiccRequest) for PiccRequest
    apps.o(i.ComM1WalletInit) refers to iso14443a.o(i.PiccCascAnticollision) for PiccCascAnticollision
    apps.o(i.ComM1WalletInit) refers to utils.o(i.ChangeCodeKey) for ChangeCodeKey
    apps.o(i.ComM1WalletInit) refers to mfrc500.o(i.PcdAuthKey) for PcdAuthKey
    apps.o(i.ComM1WalletInit) refers to iso14443a.o(i.PcdAuthState) for PcdAuthState
    apps.o(i.ComM1WalletInit) refers to iso14443a.o(i.PiccWrite) for PiccWrite
    apps.o(i.ComM1WalletRecharge) refers to iso14443a.o(i.PiccRequest) for PiccRequest
    apps.o(i.ComM1WalletRecharge) refers to iso14443a.o(i.PiccCascAnticollision) for PiccCascAnticollision
    apps.o(i.ComM1WalletRecharge) refers to utils.o(i.ChangeCodeKey) for ChangeCodeKey
    apps.o(i.ComM1WalletRecharge) refers to mfrc500.o(i.PcdAuthKey) for PcdAuthKey
    apps.o(i.ComM1WalletRecharge) refers to iso14443a.o(i.PcdAuthState) for PcdAuthState
    apps.o(i.ComM1WalletRecharge) refers to iso14443a.o(i.PiccValues) for PiccValues
    testbed.o(i.testBlockRead) refers to apps.o(i.ComM1BlockRead) for ComM1BlockRead
    testbed.o(i.testBlockRead) refers to usart.o(i.USART_TransmitOne) for USART_TransmitOne
    testbed.o(i.testBlockRead) refers to usart.o(i.USART_Transmit) for USART_Transmit
    testbed.o(i.testBlockRead) refers to systick.o(i.Delay_us) for Delay_us
    testbed.o(i.testBlockRead) refers to stm32f10x_gpio.o(i.GPIO_SetBits) for GPIO_SetBits
    testbed.o(i.testBlockWrite) refers to memcpya.o(.text) for __aeabi_memcpy4
    testbed.o(i.testBlockWrite) refers to apps.o(i.ComM1BlockWrite) for ComM1BlockWrite
    testbed.o(i.testBlockWrite) refers to testbed.o(i.testBlockRead) for testBlockRead
    testbed.o(i.testBlockWrite) refers to usart.o(i.USART_TransmitOne) for USART_TransmitOne
    testbed.o(i.testBlockWrite) refers to systick.o(i.Delay_us) for Delay_us
    testbed.o(i.testBlockWrite) refers to stm32f10x_gpio.o(i.GPIO_SetBits) for GPIO_SetBits
    testbed.o(i.testBlockWrite) refers to testbed.o(.constdata) for .constdata
    testbed.o(i.testGetUID) refers to apps.o(i.ComM1RequestA) for ComM1RequestA
    testbed.o(i.testGetUID) refers to usart.o(i.USART_Transmit) for USART_Transmit
    testbed.o(i.testGetUID) refers to usart.o(i.USART_TransmitOne) for USART_TransmitOne
    testbed.o(i.testGetUID) refers to systick.o(i.Delay_us) for Delay_us
    testbed.o(i.testGetUID) refers to stm32f10x_gpio.o(i.GPIO_SetBits) for GPIO_SetBits
    testbed.o(i.testHW) refers to parallelport.o(i.WriteRawRC) for WriteRawRC
    testbed.o(i.testHW) refers to parallelport.o(i.ReadRawRC) for ReadRawRC
    testbed.o(i.testHW) refers to usart.o(i.USART_TransmitOne) for USART_TransmitOne
    testbed.o(i.testWalletApps) refers to utils.o(i.long2bytes) for long2bytes
    testbed.o(i.testWalletApps) refers to usart.o(i.USART_TransmitOne) for USART_TransmitOne
    testbed.o(i.testWalletApps) refers to usart.o(i.USART_Transmit) for USART_Transmit
    testbed.o(i.testWalletApps) refers to apps.o(i.ComM1WalletInit) for ComM1WalletInit
    testbed.o(i.testWalletApps) refers to apps.o(i.ComM1WalletCheck) for ComM1WalletCheck
    testbed.o(i.testWalletApps) refers to apps.o(i.ComM1WalletRecharge) for ComM1WalletRecharge
    testbed.o(i.testWalletApps) refers to apps.o(i.ComM1WalletDebit) for ComM1WalletDebit
    testbed.o(i.testWalletApps) refers to systick.o(i.Delay_us) for Delay_us
    testbed.o(i.testWalletApps) refers to stm32f10x_gpio.o(i.GPIO_SetBits) for GPIO_SetBits
    testbed.o(i.test_long2bytes) refers to utils.o(i.long2bytes) for long2bytes
    testbed.o(i.test_long2bytes) refers to usart.o(i.USART_Transmit) for USART_Transmit
    led.o(i.LED_GPIO_Config) refers to stm32f10x_rcc.o(i.RCC_APB2PeriphClockCmd) for RCC_APB2PeriphClockCmd
    led.o(i.LED_GPIO_Config) refers to stm32f10x_gpio.o(i.GPIO_Init) for GPIO_Init
    led.o(i.LED_GPIO_Config) refers to stm32f10x_gpio.o(i.GPIO_SetBits) for GPIO_SetBits
    pccomm.o(i.Mfrc_Loop) refers to pccomm.o(i.usart_process) for usart_process
    pccomm.o(i.Mfrc_Loop) refers to pccomm.o(i.send_feedback) for send_feedback
    pccomm.o(i.Mfrc_Loop) refers to systick.o(i.Delay_us) for Delay_us
    pccomm.o(i.Mfrc_Loop) refers to pccomm.o(i.send_error) for send_error
    pccomm.o(i.Mfrc_Loop) refers to pccomm.o(.data) for success
    pccomm.o(i.send_error) refers to usart.o(i.USART_TransmitOne) for USART_TransmitOne
    pccomm.o(i.send_feedback) refers to usart.o(i.USART_TransmitOne) for USART_TransmitOne
    pccomm.o(i.send_feedback) refers to usart.o(i.USART_Transmit) for USART_Transmit
    pccomm.o(i.usart_process) refers to apps.o(i.ComM1RequestA) for ComM1RequestA
    pccomm.o(i.usart_process) refers to apps.o(i.ComM1Authentication) for ComM1Authentication
    pccomm.o(i.usart_process) refers to apps.o(i.ComM1BlockRead) for ComM1BlockRead
    pccomm.o(i.usart_process) refers to memcpya.o(.text) for __aeabi_memcpy
    pccomm.o(i.usart_process) refers to apps.o(i.ComM1BlockWrite) for ComM1BlockWrite
    pccomm.o(i.usart_process) refers to apps.o(i.ComM1WalletInit) for ComM1WalletInit
    pccomm.o(i.usart_process) refers to apps.o(i.ComM1WalletCheck) for ComM1WalletCheck
    pccomm.o(i.usart_process) refers to apps.o(i.ComM1WalletRecharge) for ComM1WalletRecharge
    pccomm.o(i.usart_process) refers to apps.o(i.ComM1WalletDebit) for ComM1WalletDebit
    pccomm.o(i.usart_process) refers to usart.o(i.Uart1_BufReset) for Uart1_BufReset
    pccomm.o(i.usart_process) refers to usart.o(.data) for RxComplete
    pccomm.o(i.usart_process) refers to usart.o(.bss) for RxBuf
    pccomm.o(i.usart_process) refers to pccomm.o(.data) for success
    entry.o(.ARM.Collect$$$$00000000) refers (Special) to entry10a.o(.ARM.Collect$$$$0000000D) for __rt_final_cpp
    entry.o(.ARM.Collect$$$$00000000) refers (Special) to entry11a.o(.ARM.Collect$$$$0000000F) for __rt_final_exit
    entry.o(.ARM.Collect$$$$00000000) refers (Special) to entry7b.o(.ARM.Collect$$$$00000008) for _main_clock
    entry.o(.ARM.Collect$$$$00000000) refers (Special) to entry8b.o(.ARM.Collect$$$$0000000A) for _main_cpp_init
    entry.o(.ARM.Collect$$$$00000000) refers (Special) to entry9a.o(.ARM.Collect$$$$0000000B) for _main_init
    entry.o(.ARM.Collect$$$$00000000) refers (Special) to entry5.o(.ARM.Collect$$$$00000004) for _main_scatterload
    entry.o(.ARM.Collect$$$$00000000) refers (Special) to entry2.o(.ARM.Collect$$$$00000001) for _main_stk
    entry2.o(.ARM.Collect$$$$00000001) refers to entry2.o(.ARM.Collect$$$$00002712) for __lit__00000000
    entry2.o(.ARM.Collect$$$$00002712) refers to startup_stm32f10x_hd.o(STACK) for __initial_sp
    entry2.o(__vectab_stack_and_reset_area) refers to startup_stm32f10x_hd.o(STACK) for __initial_sp
    entry2.o(__vectab_stack_and_reset_area) refers to entry.o(.ARM.Collect$$$$00000000) for __main
    entry5.o(.ARM.Collect$$$$00000004) refers to init.o(.text) for __scatterload
    entry9a.o(.ARM.Collect$$$$0000000B) refers to main.o(i.main) for main
    entry9b.o(.ARM.Collect$$$$0000000C) refers to main.o(i.main) for main
    init.o(.text) refers to entry5.o(.ARM.Collect$$$$00000004) for __main_after_scatterload


==============================================================================

Removing Unused input sections from the image.

    Removing startup_stm32f10x_hd.o(HEAP), (512 bytes).
    Removing core_cm3.o(.emb_text), (32 bytes).
    Removing system_stm32f10x.o(i.SystemCoreClockUpdate), (164 bytes).
    Removing misc.o(i.NVIC_PriorityGroupConfig), (20 bytes).
    Removing misc.o(i.NVIC_SetVectorTable), (20 bytes).
    Removing misc.o(i.NVIC_SystemLPConfig), (32 bytes).
    Removing misc.o(i.SysTick_CLKSourceConfig), (40 bytes).
    Removing stm32f10x_adc.o(i.ADC_AnalogWatchdogCmd), (20 bytes).
    Removing stm32f10x_adc.o(i.ADC_AnalogWatchdogSingleChannelConfig), (16 bytes).
    Removing stm32f10x_adc.o(i.ADC_AnalogWatchdogThresholdsConfig), (6 bytes).
    Removing stm32f10x_adc.o(i.ADC_AutoInjectedConvCmd), (22 bytes).
    Removing stm32f10x_adc.o(i.ADC_ClearFlag), (6 bytes).
    Removing stm32f10x_adc.o(i.ADC_ClearITPendingBit), (10 bytes).
    Removing stm32f10x_adc.o(i.ADC_Cmd), (22 bytes).
    Removing stm32f10x_adc.o(i.ADC_DMACmd), (22 bytes).
    Removing stm32f10x_adc.o(i.ADC_DeInit), (92 bytes).
    Removing stm32f10x_adc.o(i.ADC_DiscModeChannelCountConfig), (24 bytes).
    Removing stm32f10x_adc.o(i.ADC_DiscModeCmd), (22 bytes).
    Removing stm32f10x_adc.o(i.ADC_ExternalTrigConvCmd), (22 bytes).
    Removing stm32f10x_adc.o(i.ADC_ExternalTrigInjectedConvCmd), (22 bytes).
    Removing stm32f10x_adc.o(i.ADC_ExternalTrigInjectedConvConfig), (16 bytes).
    Removing stm32f10x_adc.o(i.ADC_GetCalibrationStatus), (20 bytes).
    Removing stm32f10x_adc.o(i.ADC_GetConversionValue), (8 bytes).
    Removing stm32f10x_adc.o(i.ADC_GetDualModeConversionValue), (12 bytes).
    Removing stm32f10x_adc.o(i.ADC_GetFlagStatus), (18 bytes).
    Removing stm32f10x_adc.o(i.ADC_GetITStatus), (36 bytes).
    Removing stm32f10x_adc.o(i.ADC_GetInjectedConversionValue), (28 bytes).
    Removing stm32f10x_adc.o(i.ADC_GetResetCalibrationStatus), (20 bytes).
    Removing stm32f10x_adc.o(i.ADC_GetSoftwareStartConvStatus), (20 bytes).
    Removing stm32f10x_adc.o(i.ADC_GetSoftwareStartInjectedConvCmdStatus), (20 bytes).
    Removing stm32f10x_adc.o(i.ADC_ITConfig), (24 bytes).
    Removing stm32f10x_adc.o(i.ADC_Init), (80 bytes).
    Removing stm32f10x_adc.o(i.ADC_InjectedChannelConfig), (130 bytes).
    Removing stm32f10x_adc.o(i.ADC_InjectedDiscModeCmd), (22 bytes).
    Removing stm32f10x_adc.o(i.ADC_InjectedSequencerLengthConfig), (24 bytes).
    Removing stm32f10x_adc.o(i.ADC_RegularChannelConfig), (184 bytes).
    Removing stm32f10x_adc.o(i.ADC_ResetCalibration), (10 bytes).
    Removing stm32f10x_adc.o(i.ADC_SetInjectedOffset), (20 bytes).
    Removing stm32f10x_adc.o(i.ADC_SoftwareStartConvCmd), (22 bytes).
    Removing stm32f10x_adc.o(i.ADC_SoftwareStartInjectedConvCmd), (22 bytes).
    Removing stm32f10x_adc.o(i.ADC_StartCalibration), (10 bytes).
    Removing stm32f10x_adc.o(i.ADC_StructInit), (18 bytes).
    Removing stm32f10x_adc.o(i.ADC_TempSensorVrefintCmd), (36 bytes).
    Removing stm32f10x_bkp.o(i.BKP_ClearFlag), (20 bytes).
    Removing stm32f10x_bkp.o(i.BKP_ClearITPendingBit), (20 bytes).
    Removing stm32f10x_bkp.o(i.BKP_DeInit), (16 bytes).
    Removing stm32f10x_bkp.o(i.BKP_GetFlagStatus), (12 bytes).
    Removing stm32f10x_bkp.o(i.BKP_GetITStatus), (12 bytes).
    Removing stm32f10x_bkp.o(i.BKP_ITConfig), (12 bytes).
    Removing stm32f10x_bkp.o(i.BKP_RTCOutputConfig), (28 bytes).
    Removing stm32f10x_bkp.o(i.BKP_ReadBackupRegister), (28 bytes).
    Removing stm32f10x_bkp.o(i.BKP_SetRTCCalibrationValue), (28 bytes).
    Removing stm32f10x_bkp.o(i.BKP_TamperPinCmd), (12 bytes).
    Removing stm32f10x_bkp.o(i.BKP_TamperPinLevelConfig), (12 bytes).
    Removing stm32f10x_bkp.o(i.BKP_WriteBackupRegister), (28 bytes).
    Removing stm32f10x_can.o(i.CAN_CancelTransmit), (48 bytes).
    Removing stm32f10x_can.o(i.CAN_ClearFlag), (56 bytes).
    Removing stm32f10x_can.o(i.CAN_ClearITPendingBit), (168 bytes).
    Removing stm32f10x_can.o(i.CAN_DBGFreeze), (22 bytes).
    Removing stm32f10x_can.o(i.CAN_DeInit), (56 bytes).
    Removing stm32f10x_can.o(i.CAN_FIFORelease), (22 bytes).
    Removing stm32f10x_can.o(i.CAN_FilterInit), (264 bytes).
    Removing stm32f10x_can.o(i.CAN_GetFlagStatus), (120 bytes).
    Removing stm32f10x_can.o(i.CAN_GetITStatus), (288 bytes).
    Removing stm32f10x_can.o(i.CAN_GetLSBTransmitErrorCounter), (12 bytes).
    Removing stm32f10x_can.o(i.CAN_GetLastErrorCode), (12 bytes).
    Removing stm32f10x_can.o(i.CAN_GetReceiveErrorCounter), (10 bytes).
    Removing stm32f10x_can.o(i.CAN_ITConfig), (18 bytes).
    Removing stm32f10x_can.o(i.CAN_Init), (276 bytes).
    Removing stm32f10x_can.o(i.CAN_MessagePending), (30 bytes).
    Removing stm32f10x_can.o(i.CAN_OperatingModeRequest), (162 bytes).
    Removing stm32f10x_can.o(i.CAN_Receive), (240 bytes).
    Removing stm32f10x_can.o(i.CAN_SlaveStartBank), (52 bytes).
    Removing stm32f10x_can.o(i.CAN_Sleep), (30 bytes).
    Removing stm32f10x_can.o(i.CAN_StructInit), (32 bytes).
    Removing stm32f10x_can.o(i.CAN_TTComModeCmd), (118 bytes).
    Removing stm32f10x_can.o(i.CAN_Transmit), (294 bytes).
    Removing stm32f10x_can.o(i.CAN_TransmitStatus), (160 bytes).
    Removing stm32f10x_can.o(i.CAN_WakeUp), (48 bytes).
    Removing stm32f10x_can.o(i.CheckITStatus), (18 bytes).
    Removing stm32f10x_cec.o(i.CEC_ClearFlag), (36 bytes).
    Removing stm32f10x_cec.o(i.CEC_ClearITPendingBit), (36 bytes).
    Removing stm32f10x_cec.o(i.CEC_Cmd), (32 bytes).
    Removing stm32f10x_cec.o(i.CEC_DeInit), (22 bytes).
    Removing stm32f10x_cec.o(i.CEC_EndOfMessageCmd), (12 bytes).
    Removing stm32f10x_cec.o(i.CEC_GetFlagStatus), (48 bytes).
    Removing stm32f10x_cec.o(i.CEC_GetITStatus), (40 bytes).
    Removing stm32f10x_cec.o(i.CEC_ITConfig), (12 bytes).
    Removing stm32f10x_cec.o(i.CEC_Init), (32 bytes).
    Removing stm32f10x_cec.o(i.CEC_OwnAddressConfig), (12 bytes).
    Removing stm32f10x_cec.o(i.CEC_ReceiveDataByte), (12 bytes).
    Removing stm32f10x_cec.o(i.CEC_SendDataByte), (12 bytes).
    Removing stm32f10x_cec.o(i.CEC_SetPrescaler), (12 bytes).
    Removing stm32f10x_cec.o(i.CEC_StartOfMessage), (12 bytes).
    Removing stm32f10x_crc.o(i.CRC_CalcBlockCRC), (36 bytes).
    Removing stm32f10x_crc.o(i.CRC_CalcCRC), (16 bytes).
    Removing stm32f10x_crc.o(i.CRC_GetCRC), (12 bytes).
    Removing stm32f10x_crc.o(i.CRC_GetIDRegister), (12 bytes).
    Removing stm32f10x_crc.o(i.CRC_ResetDR), (12 bytes).
    Removing stm32f10x_crc.o(i.CRC_SetIDRegister), (12 bytes).
    Removing stm32f10x_dac.o(i.DAC_Cmd), (40 bytes).
    Removing stm32f10x_dac.o(i.DAC_DMACmd), (44 bytes).
    Removing stm32f10x_dac.o(i.DAC_DeInit), (22 bytes).
    Removing stm32f10x_dac.o(i.DAC_DualSoftwareTriggerCmd), (36 bytes).
    Removing stm32f10x_dac.o(i.DAC_GetDataOutputValue), (36 bytes).
    Removing stm32f10x_dac.o(i.DAC_Init), (52 bytes).
    Removing stm32f10x_dac.o(i.DAC_SetChannel1Data), (32 bytes).
    Removing stm32f10x_dac.o(i.DAC_SetChannel2Data), (32 bytes).
    Removing stm32f10x_dac.o(i.DAC_SetDualChannelData), (36 bytes).
    Removing stm32f10x_dac.o(i.DAC_SoftwareTriggerCmd), (44 bytes).
    Removing stm32f10x_dac.o(i.DAC_StructInit), (12 bytes).
    Removing stm32f10x_dac.o(i.DAC_WaveGenerationCmd), (40 bytes).
    Removing stm32f10x_dbgmcu.o(i.DBGMCU_Config), (32 bytes).
    Removing stm32f10x_dbgmcu.o(i.DBGMCU_GetDEVID), (16 bytes).
    Removing stm32f10x_dbgmcu.o(i.DBGMCU_GetREVID), (12 bytes).
    Removing stm32f10x_dma.o(i.DMA_ClearFlag), (28 bytes).
    Removing stm32f10x_dma.o(i.DMA_ClearITPendingBit), (28 bytes).
    Removing stm32f10x_dma.o(i.DMA_Cmd), (24 bytes).
    Removing stm32f10x_dma.o(i.DMA_DeInit), (332 bytes).
    Removing stm32f10x_dma.o(i.DMA_GetCurrDataCounter), (8 bytes).
    Removing stm32f10x_dma.o(i.DMA_GetFlagStatus), (44 bytes).
    Removing stm32f10x_dma.o(i.DMA_GetITStatus), (44 bytes).
    Removing stm32f10x_dma.o(i.DMA_ITConfig), (18 bytes).
    Removing stm32f10x_dma.o(i.DMA_Init), (60 bytes).
    Removing stm32f10x_dma.o(i.DMA_SetCurrDataCounter), (4 bytes).
    Removing stm32f10x_dma.o(i.DMA_StructInit), (26 bytes).
    Removing stm32f10x_exti.o(i.EXTI_ClearFlag), (12 bytes).
    Removing stm32f10x_exti.o(i.EXTI_ClearITPendingBit), (12 bytes).
    Removing stm32f10x_exti.o(i.EXTI_DeInit), (36 bytes).
    Removing stm32f10x_exti.o(i.EXTI_GenerateSWInterrupt), (16 bytes).
    Removing stm32f10x_exti.o(i.EXTI_GetFlagStatus), (24 bytes).
    Removing stm32f10x_exti.o(i.EXTI_GetITStatus), (40 bytes).
    Removing stm32f10x_exti.o(i.EXTI_Init), (148 bytes).
    Removing stm32f10x_exti.o(i.EXTI_StructInit), (16 bytes).
    Removing stm32f10x_flash.o(i.FLASH_ClearFlag), (12 bytes).
    Removing stm32f10x_flash.o(i.FLASH_EnableWriteProtection), (196 bytes).
    Removing stm32f10x_flash.o(i.FLASH_EraseAllBank1Pages), (72 bytes).
    Removing stm32f10x_flash.o(i.FLASH_EraseAllPages), (72 bytes).
    Removing stm32f10x_flash.o(i.FLASH_EraseOptionBytes), (168 bytes).
    Removing stm32f10x_flash.o(i.FLASH_ErasePage), (76 bytes).
    Removing stm32f10x_flash.o(i.FLASH_GetBank1Status), (52 bytes).
    Removing stm32f10x_flash.o(i.FLASH_GetFlagStatus), (48 bytes).
    Removing stm32f10x_flash.o(i.FLASH_GetPrefetchBufferStatus), (24 bytes).
    Removing stm32f10x_flash.o(i.FLASH_GetReadOutProtectionStatus), (24 bytes).
    Removing stm32f10x_flash.o(i.FLASH_GetStatus), (52 bytes).
    Removing stm32f10x_flash.o(i.FLASH_GetUserOptionByte), (12 bytes).
    Removing stm32f10x_flash.o(i.FLASH_GetWriteProtectionOptionByte), (12 bytes).
    Removing stm32f10x_flash.o(i.FLASH_HalfCycleAccessCmd), (28 bytes).
    Removing stm32f10x_flash.o(i.FLASH_ITConfig), (32 bytes).
    Removing stm32f10x_flash.o(i.FLASH_Lock), (20 bytes).
    Removing stm32f10x_flash.o(i.FLASH_LockBank1), (20 bytes).
    Removing stm32f10x_flash.o(i.FLASH_PrefetchBufferCmd), (28 bytes).
    Removing stm32f10x_flash.o(i.FLASH_ProgramHalfWord), (64 bytes).
    Removing stm32f10x_flash.o(i.FLASH_ProgramOptionByteData), (84 bytes).
    Removing stm32f10x_flash.o(i.FLASH_ProgramWord), (108 bytes).
    Removing stm32f10x_flash.o(i.FLASH_ReadOutProtection), (172 bytes).
    Removing stm32f10x_flash.o(i.FLASH_SetLatency), (24 bytes).
    Removing stm32f10x_flash.o(i.FLASH_Unlock), (24 bytes).
    Removing stm32f10x_flash.o(i.FLASH_UnlockBank1), (24 bytes).
    Removing stm32f10x_flash.o(i.FLASH_UserOptionByteConfig), (104 bytes).
    Removing stm32f10x_flash.o(i.FLASH_WaitForLastBank1Operation), (38 bytes).
    Removing stm32f10x_flash.o(i.FLASH_WaitForLastOperation), (38 bytes).
    Removing stm32f10x_fsmc.o(i.FSMC_ClearFlag), (64 bytes).
    Removing stm32f10x_fsmc.o(i.FSMC_ClearITPendingBit), (72 bytes).
    Removing stm32f10x_fsmc.o(i.FSMC_GetECC), (28 bytes).
    Removing stm32f10x_fsmc.o(i.FSMC_GetFlagStatus), (56 bytes).
    Removing stm32f10x_fsmc.o(i.FSMC_GetITStatus), (68 bytes).
    Removing stm32f10x_fsmc.o(i.FSMC_ITConfig), (128 bytes).
    Removing stm32f10x_fsmc.o(i.FSMC_NANDCmd), (92 bytes).
    Removing stm32f10x_fsmc.o(i.FSMC_NANDDeInit), (68 bytes).
    Removing stm32f10x_fsmc.o(i.FSMC_NANDECCCmd), (92 bytes).
    Removing stm32f10x_fsmc.o(i.FSMC_NANDInit), (136 bytes).
    Removing stm32f10x_fsmc.o(i.FSMC_NANDStructInit), (54 bytes).
    Removing stm32f10x_fsmc.o(i.FSMC_NORSRAMCmd), (52 bytes).
    Removing stm32f10x_fsmc.o(i.FSMC_NORSRAMDeInit), (54 bytes).
    Removing stm32f10x_fsmc.o(i.FSMC_NORSRAMInit), (230 bytes).
    Removing stm32f10x_fsmc.o(i.FSMC_NORSRAMStructInit), (114 bytes).
    Removing stm32f10x_fsmc.o(i.FSMC_PCCARDCmd), (48 bytes).
    Removing stm32f10x_fsmc.o(i.FSMC_PCCARDDeInit), (40 bytes).
    Removing stm32f10x_fsmc.o(i.FSMC_PCCARDInit), (132 bytes).
    Removing stm32f10x_fsmc.o(i.FSMC_PCCARDStructInit), (60 bytes).
    Removing stm32f10x_gpio.o(i.GPIO_AFIODeInit), (20 bytes).
    Removing stm32f10x_gpio.o(i.GPIO_DeInit), (200 bytes).
    Removing stm32f10x_gpio.o(i.GPIO_ETH_MediaInterfaceConfig), (12 bytes).
    Removing stm32f10x_gpio.o(i.GPIO_EXTILineConfig), (64 bytes).
    Removing stm32f10x_gpio.o(i.GPIO_EventOutputCmd), (12 bytes).
    Removing stm32f10x_gpio.o(i.GPIO_EventOutputConfig), (32 bytes).
    Removing stm32f10x_gpio.o(i.GPIO_PinLockConfig), (18 bytes).
    Removing stm32f10x_gpio.o(i.GPIO_PinRemapConfig), (144 bytes).
    Removing stm32f10x_gpio.o(i.GPIO_ReadInputData), (8 bytes).
    Removing stm32f10x_gpio.o(i.GPIO_ReadInputDataBit), (18 bytes).
    Removing stm32f10x_gpio.o(i.GPIO_ReadOutputData), (8 bytes).
    Removing stm32f10x_gpio.o(i.GPIO_ReadOutputDataBit), (18 bytes).
    Removing stm32f10x_gpio.o(i.GPIO_StructInit), (16 bytes).
    Removing stm32f10x_gpio.o(i.GPIO_Write), (4 bytes).
    Removing stm32f10x_gpio.o(i.GPIO_WriteBit), (10 bytes).
    Removing stm32f10x_i2c.o(i.I2C_ARPCmd), (24 bytes).
    Removing stm32f10x_i2c.o(i.I2C_AcknowledgeConfig), (24 bytes).
    Removing stm32f10x_i2c.o(i.I2C_CalculatePEC), (24 bytes).
    Removing stm32f10x_i2c.o(i.I2C_CheckEvent), (42 bytes).
    Removing stm32f10x_i2c.o(i.I2C_ClearFlag), (12 bytes).
    Removing stm32f10x_i2c.o(i.I2C_ClearITPendingBit), (12 bytes).
    Removing stm32f10x_i2c.o(i.I2C_Cmd), (24 bytes).
    Removing stm32f10x_i2c.o(i.I2C_DMACmd), (24 bytes).
    Removing stm32f10x_i2c.o(i.I2C_DMALastTransferCmd), (24 bytes).
    Removing stm32f10x_i2c.o(i.I2C_DeInit), (56 bytes).
    Removing stm32f10x_i2c.o(i.I2C_DualAddressCmd), (24 bytes).
    Removing stm32f10x_i2c.o(i.I2C_FastModeDutyCycleConfig), (28 bytes).
    Removing stm32f10x_i2c.o(i.I2C_GeneralCallCmd), (24 bytes).
    Removing stm32f10x_i2c.o(i.I2C_GenerateSTART), (24 bytes).
    Removing stm32f10x_i2c.o(i.I2C_GenerateSTOP), (24 bytes).
    Removing stm32f10x_i2c.o(i.I2C_GetFlagStatus), (58 bytes).
    Removing stm32f10x_i2c.o(i.I2C_GetITStatus), (38 bytes).
    Removing stm32f10x_i2c.o(i.I2C_GetLastEvent), (26 bytes).
    Removing stm32f10x_i2c.o(i.I2C_GetPEC), (8 bytes).
    Removing stm32f10x_i2c.o(i.I2C_ITConfig), (18 bytes).
    Removing stm32f10x_i2c.o(i.I2C_Init), (236 bytes).
    Removing stm32f10x_i2c.o(i.I2C_NACKPositionConfig), (28 bytes).
    Removing stm32f10x_i2c.o(i.I2C_OwnAddress2Config), (22 bytes).
    Removing stm32f10x_i2c.o(i.I2C_PECPositionConfig), (28 bytes).
    Removing stm32f10x_i2c.o(i.I2C_ReadRegister), (22 bytes).
    Removing stm32f10x_i2c.o(i.I2C_ReceiveData), (8 bytes).
    Removing stm32f10x_i2c.o(i.I2C_SMBusAlertConfig), (28 bytes).
    Removing stm32f10x_i2c.o(i.I2C_Send7bitAddress), (18 bytes).
    Removing stm32f10x_i2c.o(i.I2C_SendData), (4 bytes).
    Removing stm32f10x_i2c.o(i.I2C_SoftwareResetCmd), (22 bytes).
    Removing stm32f10x_i2c.o(i.I2C_StretchClockCmd), (24 bytes).
    Removing stm32f10x_i2c.o(i.I2C_StructInit), (30 bytes).
    Removing stm32f10x_i2c.o(i.I2C_TransmitPEC), (24 bytes).
    Removing stm32f10x_iwdg.o(i.IWDG_Enable), (16 bytes).
    Removing stm32f10x_iwdg.o(i.IWDG_GetFlagStatus), (24 bytes).
    Removing stm32f10x_iwdg.o(i.IWDG_ReloadCounter), (16 bytes).
    Removing stm32f10x_iwdg.o(i.IWDG_SetPrescaler), (12 bytes).
    Removing stm32f10x_iwdg.o(i.IWDG_SetReload), (12 bytes).
    Removing stm32f10x_iwdg.o(i.IWDG_WriteAccessCmd), (12 bytes).
    Removing stm32f10x_pwr.o(i.PWR_BackupAccessCmd), (12 bytes).
    Removing stm32f10x_pwr.o(i.PWR_ClearFlag), (20 bytes).
    Removing stm32f10x_pwr.o(i.PWR_DeInit), (22 bytes).
    Removing stm32f10x_pwr.o(i.PWR_EnterSTANDBYMode), (52 bytes).
    Removing stm32f10x_pwr.o(i.PWR_EnterSTOPMode), (64 bytes).
    Removing stm32f10x_pwr.o(i.PWR_GetFlagStatus), (24 bytes).
    Removing stm32f10x_pwr.o(i.PWR_PVDCmd), (12 bytes).
    Removing stm32f10x_pwr.o(i.PWR_PVDLevelConfig), (24 bytes).
    Removing stm32f10x_pwr.o(i.PWR_WakeUpPinCmd), (12 bytes).
    Removing stm32f10x_rcc.o(i.RCC_ADCCLKConfig), (24 bytes).
    Removing stm32f10x_rcc.o(i.RCC_AHBPeriphClockCmd), (32 bytes).
    Removing stm32f10x_rcc.o(i.RCC_APB1PeriphClockCmd), (32 bytes).
    Removing stm32f10x_rcc.o(i.RCC_APB1PeriphResetCmd), (32 bytes).
    Removing stm32f10x_rcc.o(i.RCC_APB2PeriphResetCmd), (32 bytes).
    Removing stm32f10x_rcc.o(i.RCC_AdjustHSICalibrationValue), (24 bytes).
    Removing stm32f10x_rcc.o(i.RCC_BackupResetCmd), (12 bytes).
    Removing stm32f10x_rcc.o(i.RCC_ClearFlag), (20 bytes).
    Removing stm32f10x_rcc.o(i.RCC_ClearITPendingBit), (12 bytes).
    Removing stm32f10x_rcc.o(i.RCC_ClockSecuritySystemCmd), (12 bytes).
    Removing stm32f10x_rcc.o(i.RCC_DeInit), (76 bytes).
    Removing stm32f10x_rcc.o(i.RCC_GetFlagStatus), (60 bytes).
    Removing stm32f10x_rcc.o(i.RCC_GetITStatus), (24 bytes).
    Removing stm32f10x_rcc.o(i.RCC_GetSYSCLKSource), (16 bytes).
    Removing stm32f10x_rcc.o(i.RCC_HCLKConfig), (24 bytes).
    Removing stm32f10x_rcc.o(i.RCC_HSEConfig), (76 bytes).
    Removing stm32f10x_rcc.o(i.RCC_HSICmd), (12 bytes).
    Removing stm32f10x_rcc.o(i.RCC_ITConfig), (32 bytes).
    Removing stm32f10x_rcc.o(i.RCC_LSEConfig), (52 bytes).
    Removing stm32f10x_rcc.o(i.RCC_LSICmd), (12 bytes).
    Removing stm32f10x_rcc.o(i.RCC_MCOConfig), (12 bytes).
    Removing stm32f10x_rcc.o(i.RCC_PCLK1Config), (24 bytes).
    Removing stm32f10x_rcc.o(i.RCC_PCLK2Config), (24 bytes).
    Removing stm32f10x_rcc.o(i.RCC_PLLCmd), (12 bytes).
    Removing stm32f10x_rcc.o(i.RCC_PLLConfig), (28 bytes).
    Removing stm32f10x_rcc.o(i.RCC_RTCCLKCmd), (12 bytes).
    Removing stm32f10x_rcc.o(i.RCC_RTCCLKConfig), (16 bytes).
    Removing stm32f10x_rcc.o(i.RCC_SYSCLKConfig), (24 bytes).
    Removing stm32f10x_rcc.o(i.RCC_USBCLKConfig), (12 bytes).
    Removing stm32f10x_rcc.o(i.RCC_WaitForHSEStartUp), (56 bytes).
    Removing stm32f10x_rtc.o(i.RTC_ClearFlag), (16 bytes).
    Removing stm32f10x_rtc.o(i.RTC_ClearITPendingBit), (16 bytes).
    Removing stm32f10x_rtc.o(i.RTC_EnterConfigMode), (20 bytes).
    Removing stm32f10x_rtc.o(i.RTC_ExitConfigMode), (20 bytes).
    Removing stm32f10x_rtc.o(i.RTC_GetCounter), (20 bytes).
    Removing stm32f10x_rtc.o(i.RTC_GetDivider), (24 bytes).
    Removing stm32f10x_rtc.o(i.RTC_GetFlagStatus), (24 bytes).
    Removing stm32f10x_rtc.o(i.RTC_GetITStatus), (36 bytes).
    Removing stm32f10x_rtc.o(i.RTC_ITConfig), (32 bytes).
    Removing stm32f10x_rtc.o(i.RTC_SetAlarm), (28 bytes).
    Removing stm32f10x_rtc.o(i.RTC_SetCounter), (28 bytes).
    Removing stm32f10x_rtc.o(i.RTC_SetPrescaler), (32 bytes).
    Removing stm32f10x_rtc.o(i.RTC_WaitForLastTask), (20 bytes).
    Removing stm32f10x_rtc.o(i.RTC_WaitForSynchro), (36 bytes).
    Removing stm32f10x_sdio.o(i.SDIO_CEATAITCmd), (16 bytes).
    Removing stm32f10x_sdio.o(i.SDIO_ClearFlag), (12 bytes).
    Removing stm32f10x_sdio.o(i.SDIO_ClearITPendingBit), (12 bytes).
    Removing stm32f10x_sdio.o(i.SDIO_ClockCmd), (12 bytes).
    Removing stm32f10x_sdio.o(i.SDIO_CmdStructInit), (14 bytes).
    Removing stm32f10x_sdio.o(i.SDIO_CommandCompletionCmd), (12 bytes).
    Removing stm32f10x_sdio.o(i.SDIO_DMACmd), (12 bytes).
    Removing stm32f10x_sdio.o(i.SDIO_DataConfig), (48 bytes).
    Removing stm32f10x_sdio.o(i.SDIO_DataStructInit), (20 bytes).
    Removing stm32f10x_sdio.o(i.SDIO_DeInit), (36 bytes).
    Removing stm32f10x_sdio.o(i.SDIO_GetCommandResponse), (12 bytes).
    Removing stm32f10x_sdio.o(i.SDIO_GetDataCounter), (12 bytes).
    Removing stm32f10x_sdio.o(i.SDIO_GetFIFOCount), (12 bytes).
    Removing stm32f10x_sdio.o(i.SDIO_GetFlagStatus), (24 bytes).
    Removing stm32f10x_sdio.o(i.SDIO_GetITStatus), (24 bytes).
    Removing stm32f10x_sdio.o(i.SDIO_GetPowerState), (16 bytes).
    Removing stm32f10x_sdio.o(i.SDIO_GetResponse), (24 bytes).
    Removing stm32f10x_sdio.o(i.SDIO_ITConfig), (32 bytes).
    Removing stm32f10x_sdio.o(i.SDIO_Init), (48 bytes).
    Removing stm32f10x_sdio.o(i.SDIO_ReadData), (12 bytes).
    Removing stm32f10x_sdio.o(i.SDIO_SendCEATACmd), (12 bytes).
    Removing stm32f10x_sdio.o(i.SDIO_SendCommand), (44 bytes).
    Removing stm32f10x_sdio.o(i.SDIO_SendSDIOSuspendCmd), (12 bytes).
    Removing stm32f10x_sdio.o(i.SDIO_SetPowerState), (28 bytes).
    Removing stm32f10x_sdio.o(i.SDIO_SetSDIOOperation), (12 bytes).
    Removing stm32f10x_sdio.o(i.SDIO_SetSDIOReadWaitMode), (12 bytes).
    Removing stm32f10x_sdio.o(i.SDIO_StartSDIOReadWait), (12 bytes).
    Removing stm32f10x_sdio.o(i.SDIO_StopSDIOReadWait), (12 bytes).
    Removing stm32f10x_sdio.o(i.SDIO_StructInit), (16 bytes).
    Removing stm32f10x_sdio.o(i.SDIO_WriteData), (12 bytes).
    Removing stm32f10x_spi.o(i.I2S_Cmd), (24 bytes).
    Removing stm32f10x_spi.o(i.I2S_Init), (232 bytes).
    Removing stm32f10x_spi.o(i.I2S_StructInit), (20 bytes).
    Removing stm32f10x_spi.o(i.SPI_BiDirectionalLineConfig), (28 bytes).
    Removing stm32f10x_spi.o(i.SPI_CalculateCRC), (24 bytes).
    Removing stm32f10x_spi.o(i.SPI_Cmd), (24 bytes).
    Removing stm32f10x_spi.o(i.SPI_DataSizeConfig), (18 bytes).
    Removing stm32f10x_spi.o(i.SPI_GetCRC), (16 bytes).
    Removing stm32f10x_spi.o(i.SPI_GetCRCPolynomial), (6 bytes).
    Removing stm32f10x_spi.o(i.SPI_I2S_ClearFlag), (6 bytes).
    Removing stm32f10x_spi.o(i.SPI_I2S_ClearITPendingBit), (20 bytes).
    Removing stm32f10x_spi.o(i.SPI_I2S_DMACmd), (18 bytes).
    Removing stm32f10x_spi.o(i.SPI_I2S_DeInit), (88 bytes).
    Removing stm32f10x_spi.o(i.SPI_I2S_GetFlagStatus), (18 bytes).
    Removing stm32f10x_spi.o(i.SPI_I2S_GetITStatus), (52 bytes).
    Removing stm32f10x_spi.o(i.SPI_I2S_ITConfig), (32 bytes).
    Removing stm32f10x_spi.o(i.SPI_I2S_ReceiveData), (6 bytes).
    Removing stm32f10x_spi.o(i.SPI_I2S_SendData), (4 bytes).
    Removing stm32f10x_spi.o(i.SPI_Init), (60 bytes).
    Removing stm32f10x_spi.o(i.SPI_NSSInternalSoftwareConfig), (30 bytes).
    Removing stm32f10x_spi.o(i.SPI_SSOutputCmd), (24 bytes).
    Removing stm32f10x_spi.o(i.SPI_StructInit), (24 bytes).
    Removing stm32f10x_spi.o(i.SPI_TransmitCRC), (10 bytes).
    Removing stm32f10x_tim.o(i.TI1_Config), (128 bytes).
    Removing stm32f10x_tim.o(i.TI2_Config), (152 bytes).
    Removing stm32f10x_tim.o(i.TI3_Config), (144 bytes).
    Removing stm32f10x_tim.o(i.TI4_Config), (152 bytes).
    Removing stm32f10x_tim.o(i.TIM_ARRPreloadConfig), (24 bytes).
    Removing stm32f10x_tim.o(i.TIM_BDTRConfig), (32 bytes).
    Removing stm32f10x_tim.o(i.TIM_BDTRStructInit), (18 bytes).
    Removing stm32f10x_tim.o(i.TIM_CCPreloadControl), (24 bytes).
    Removing stm32f10x_tim.o(i.TIM_CCxCmd), (30 bytes).
    Removing stm32f10x_tim.o(i.TIM_CCxNCmd), (30 bytes).
    Removing stm32f10x_tim.o(i.TIM_ClearFlag), (6 bytes).
    Removing stm32f10x_tim.o(i.TIM_ClearITPendingBit), (6 bytes).
    Removing stm32f10x_tim.o(i.TIM_ClearOC1Ref), (18 bytes).
    Removing stm32f10x_tim.o(i.TIM_ClearOC2Ref), (24 bytes).
    Removing stm32f10x_tim.o(i.TIM_ClearOC3Ref), (18 bytes).
    Removing stm32f10x_tim.o(i.TIM_ClearOC4Ref), (24 bytes).
    Removing stm32f10x_tim.o(i.TIM_Cmd), (24 bytes).
    Removing stm32f10x_tim.o(i.TIM_CounterModeConfig), (18 bytes).
    Removing stm32f10x_tim.o(i.TIM_CtrlPWMOutputs), (30 bytes).
    Removing stm32f10x_tim.o(i.TIM_DMACmd), (18 bytes).
    Removing stm32f10x_tim.o(i.TIM_DMAConfig), (10 bytes).
    Removing stm32f10x_tim.o(i.TIM_DeInit), (488 bytes).
    Removing stm32f10x_tim.o(i.TIM_ETRClockMode1Config), (54 bytes).
    Removing stm32f10x_tim.o(i.TIM_ETRClockMode2Config), (32 bytes).
    Removing stm32f10x_tim.o(i.TIM_ETRConfig), (28 bytes).
    Removing stm32f10x_tim.o(i.TIM_EncoderInterfaceConfig), (66 bytes).
    Removing stm32f10x_tim.o(i.TIM_ForcedOC1Config), (18 bytes).
    Removing stm32f10x_tim.o(i.TIM_ForcedOC2Config), (26 bytes).
    Removing stm32f10x_tim.o(i.TIM_ForcedOC3Config), (18 bytes).
    Removing stm32f10x_tim.o(i.TIM_ForcedOC4Config), (26 bytes).
    Removing stm32f10x_tim.o(i.TIM_GenerateEvent), (4 bytes).
    Removing stm32f10x_tim.o(i.TIM_GetCapture1), (6 bytes).
    Removing stm32f10x_tim.o(i.TIM_GetCapture2), (6 bytes).
    Removing stm32f10x_tim.o(i.TIM_GetCapture3), (6 bytes).
    Removing stm32f10x_tim.o(i.TIM_GetCapture4), (8 bytes).
    Removing stm32f10x_tim.o(i.TIM_GetCounter), (6 bytes).
    Removing stm32f10x_tim.o(i.TIM_GetFlagStatus), (18 bytes).
    Removing stm32f10x_tim.o(i.TIM_GetITStatus), (34 bytes).
    Removing stm32f10x_tim.o(i.TIM_GetPrescaler), (6 bytes).
    Removing stm32f10x_tim.o(i.TIM_ICInit), (172 bytes).
    Removing stm32f10x_tim.o(i.TIM_ICStructInit), (18 bytes).
    Removing stm32f10x_tim.o(i.TIM_ITConfig), (18 bytes).
    Removing stm32f10x_tim.o(i.TIM_ITRxExternalClockConfig), (24 bytes).
    Removing stm32f10x_tim.o(i.TIM_InternalClockConfig), (12 bytes).
    Removing stm32f10x_tim.o(i.TIM_OC1FastConfig), (18 bytes).
    Removing stm32f10x_tim.o(i.TIM_OC1Init), (152 bytes).
    Removing stm32f10x_tim.o(i.TIM_OC1NPolarityConfig), (18 bytes).
    Removing stm32f10x_tim.o(i.TIM_OC1PolarityConfig), (18 bytes).
    Removing stm32f10x_tim.o(i.TIM_OC1PreloadConfig), (18 bytes).
    Removing stm32f10x_tim.o(i.TIM_OC2FastConfig), (26 bytes).
    Removing stm32f10x_tim.o(i.TIM_OC2Init), (164 bytes).
    Removing stm32f10x_tim.o(i.TIM_OC2NPolarityConfig), (26 bytes).
    Removing stm32f10x_tim.o(i.TIM_OC2PolarityConfig), (26 bytes).
    Removing stm32f10x_tim.o(i.TIM_OC2PreloadConfig), (26 bytes).
    Removing stm32f10x_tim.o(i.TIM_OC3FastConfig), (18 bytes).
    Removing stm32f10x_tim.o(i.TIM_OC3Init), (160 bytes).
    Removing stm32f10x_tim.o(i.TIM_OC3NPolarityConfig), (26 bytes).
    Removing stm32f10x_tim.o(i.TIM_OC3PolarityConfig), (26 bytes).
    Removing stm32f10x_tim.o(i.TIM_OC3PreloadConfig), (18 bytes).
    Removing stm32f10x_tim.o(i.TIM_OC4FastConfig), (26 bytes).
    Removing stm32f10x_tim.o(i.TIM_OC4Init), (124 bytes).
    Removing stm32f10x_tim.o(i.TIM_OC4PolarityConfig), (26 bytes).
    Removing stm32f10x_tim.o(i.TIM_OC4PreloadConfig), (26 bytes).
    Removing stm32f10x_tim.o(i.TIM_OCStructInit), (20 bytes).
    Removing stm32f10x_tim.o(i.TIM_PWMIConfig), (124 bytes).
    Removing stm32f10x_tim.o(i.TIM_PrescalerConfig), (6 bytes).
    Removing stm32f10x_tim.o(i.TIM_SelectCCDMA), (24 bytes).
    Removing stm32f10x_tim.o(i.TIM_SelectCOM), (24 bytes).
    Removing stm32f10x_tim.o(i.TIM_SelectHallSensor), (24 bytes).
    Removing stm32f10x_tim.o(i.TIM_SelectInputTrigger), (18 bytes).
    Removing stm32f10x_tim.o(i.TIM_SelectMasterSlaveMode), (18 bytes).
    Removing stm32f10x_tim.o(i.TIM_SelectOCxM), (82 bytes).
    Removing stm32f10x_tim.o(i.TIM_SelectOnePulseMode), (18 bytes).
    Removing stm32f10x_tim.o(i.TIM_SelectOutputTrigger), (18 bytes).
    Removing stm32f10x_tim.o(i.TIM_SelectSlaveMode), (18 bytes).
    Removing stm32f10x_tim.o(i.TIM_SetAutoreload), (4 bytes).
    Removing stm32f10x_tim.o(i.TIM_SetClockDivision), (18 bytes).
    Removing stm32f10x_tim.o(i.TIM_SetCompare1), (4 bytes).
    Removing stm32f10x_tim.o(i.TIM_SetCompare2), (4 bytes).
    Removing stm32f10x_tim.o(i.TIM_SetCompare3), (4 bytes).
    Removing stm32f10x_tim.o(i.TIM_SetCompare4), (6 bytes).
    Removing stm32f10x_tim.o(i.TIM_SetCounter), (4 bytes).
    Removing stm32f10x_tim.o(i.TIM_SetIC1Prescaler), (18 bytes).
    Removing stm32f10x_tim.o(i.TIM_SetIC2Prescaler), (26 bytes).
    Removing stm32f10x_tim.o(i.TIM_SetIC3Prescaler), (18 bytes).
    Removing stm32f10x_tim.o(i.TIM_SetIC4Prescaler), (26 bytes).
    Removing stm32f10x_tim.o(i.TIM_TIxExternalClockConfig), (62 bytes).
    Removing stm32f10x_tim.o(i.TIM_TimeBaseInit), (164 bytes).
    Removing stm32f10x_tim.o(i.TIM_TimeBaseStructInit), (18 bytes).
    Removing stm32f10x_tim.o(i.TIM_UpdateDisableConfig), (24 bytes).
    Removing stm32f10x_tim.o(i.TIM_UpdateRequestConfig), (24 bytes).
    Removing stm32f10x_usart.o(i.USART_ClockStructInit), (12 bytes).
    Removing stm32f10x_usart.o(i.USART_DMACmd), (18 bytes).
    Removing stm32f10x_usart.o(i.USART_DeInit), (156 bytes).
    Removing stm32f10x_usart.o(i.USART_HalfDuplexCmd), (24 bytes).
    Removing stm32f10x_usart.o(i.USART_IrDACmd), (24 bytes).
    Removing stm32f10x_usart.o(i.USART_IrDAConfig), (18 bytes).
    Removing stm32f10x_usart.o(i.USART_LINBreakDetectLengthConfig), (18 bytes).
    Removing stm32f10x_usart.o(i.USART_LINCmd), (24 bytes).
    Removing stm32f10x_usart.o(i.USART_OneBitMethodCmd), (24 bytes).
    Removing stm32f10x_usart.o(i.USART_OverSampling8Cmd), (22 bytes).
    Removing stm32f10x_usart.o(i.USART_ReceiverWakeUpCmd), (24 bytes).
    Removing stm32f10x_usart.o(i.USART_SendBreak), (10 bytes).
    Removing stm32f10x_usart.o(i.USART_SetAddress), (18 bytes).
    Removing stm32f10x_usart.o(i.USART_SetGuardTime), (16 bytes).
    Removing stm32f10x_usart.o(i.USART_SetPrescaler), (16 bytes).
    Removing stm32f10x_usart.o(i.USART_SmartCardCmd), (24 bytes).
    Removing stm32f10x_usart.o(i.USART_SmartCardNACKCmd), (24 bytes).
    Removing stm32f10x_usart.o(i.USART_StructInit), (24 bytes).
    Removing stm32f10x_usart.o(i.USART_WakeUpConfig), (18 bytes).
    Removing stm32f10x_wwdg.o(i.WWDG_ClearFlag), (12 bytes).
    Removing stm32f10x_wwdg.o(i.WWDG_DeInit), (22 bytes).
    Removing stm32f10x_wwdg.o(i.WWDG_Enable), (16 bytes).
    Removing stm32f10x_wwdg.o(i.WWDG_EnableIT), (12 bytes).
    Removing stm32f10x_wwdg.o(i.WWDG_GetFlagStatus), (12 bytes).
    Removing stm32f10x_wwdg.o(i.WWDG_SetCounter), (16 bytes).
    Removing stm32f10x_wwdg.o(i.WWDG_SetPrescaler), (24 bytes).
    Removing stm32f10x_wwdg.o(i.WWDG_SetWindowValue), (40 bytes).
    Removing systick.o(i.Delay_14ns), (18 bytes).
    Removing usart.o(i.fputc), (36 bytes).
    Removing mfrc500.o(i.RC500_ReadE2), (76 bytes).
    Removing utils.o(i.long2bytes), (24 bytes).
    Removing testbed.o(i.testBlockRead), (172 bytes).
    Removing testbed.o(i.testBlockWrite), (160 bytes).
    Removing testbed.o(i.testGetUID), (112 bytes).
    Removing testbed.o(i.testHW), (76 bytes).
    Removing testbed.o(i.testWalletApps), (360 bytes).
    Removing testbed.o(i.test_long2bytes), (80 bytes).
    Removing testbed.o(.constdata), (48 bytes).

470 unused section(s) (total 19880 bytes) removed from the image.

==============================================================================

Image Symbol Table

    Local Symbols

    Symbol Name                              Value     Ov Type        Size  Object(Section)

    ../clib/microlib/init/entry.s            0x00000000   Number         0  entry5.o ABSOLUTE
    ../clib/microlib/init/entry.s            0x00000000   Number         0  entry2.o ABSOLUTE
    ../clib/microlib/init/entry.s            0x00000000   Number         0  entry7b.o ABSOLUTE
    ../clib/microlib/init/entry.s            0x00000000   Number         0  entry.o ABSOLUTE
    ../clib/microlib/init/entry.s            0x00000000   Number         0  entry7a.o ABSOLUTE
    ../clib/microlib/init/entry.s            0x00000000   Number         0  entry9b.o ABSOLUTE
    ../clib/microlib/init/entry.s            0x00000000   Number         0  entry10a.o ABSOLUTE
    ../clib/microlib/init/entry.s            0x00000000   Number         0  entry10b.o ABSOLUTE
    ../clib/microlib/init/entry.s            0x00000000   Number         0  entry11a.o ABSOLUTE
    ../clib/microlib/init/entry.s            0x00000000   Number         0  entry11b.o ABSOLUTE
    ../clib/microlib/init/entry.s            0x00000000   Number         0  entry8a.o ABSOLUTE
    ../clib/microlib/init/entry.s            0x00000000   Number         0  entry8b.o ABSOLUTE
    ../clib/microlib/init/entry.s            0x00000000   Number         0  entry9a.o ABSOLUTE
    ../clib/microlib/string/memcpy.c         0x00000000   Number         0  memcpyb.o ABSOLUTE
    ../clib/microlib/string/memcpy.c         0x00000000   Number         0  memcpya.o ABSOLUTE
    ../clib/microlib/string/memset.c         0x00000000   Number         0  memseta.o ABSOLUTE
    ..\Libraries\CMSIS\CoreSupport\core_cm3.c 0x00000000   Number         0  core_cm3.o ABSOLUTE
    ..\Libraries\CMSIS\DeviceSupport\system_stm32f10x.c 0x00000000   Number         0  system_stm32f10x.o ABSOLUTE
    ..\Libraries\CMSIS\startup\arm\startup_stm32f10x_hd.s 0x00000000   Number         0  startup_stm32f10x_hd.o ABSOLUTE
    ..\Libraries\StdPeriph_Driver\src\misc.c 0x00000000   Number         0  misc.o ABSOLUTE
    ..\Libraries\StdPeriph_Driver\src\stm32f10x_adc.c 0x00000000   Number         0  stm32f10x_adc.o ABSOLUTE
    ..\Libraries\StdPeriph_Driver\src\stm32f10x_bkp.c 0x00000000   Number         0  stm32f10x_bkp.o ABSOLUTE
    ..\Libraries\StdPeriph_Driver\src\stm32f10x_can.c 0x00000000   Number         0  stm32f10x_can.o ABSOLUTE
    ..\Libraries\StdPeriph_Driver\src\stm32f10x_cec.c 0x00000000   Number         0  stm32f10x_cec.o ABSOLUTE
    ..\Libraries\StdPeriph_Driver\src\stm32f10x_crc.c 0x00000000   Number         0  stm32f10x_crc.o ABSOLUTE
    ..\Libraries\StdPeriph_Driver\src\stm32f10x_dac.c 0x00000000   Number         0  stm32f10x_dac.o ABSOLUTE
    ..\Libraries\StdPeriph_Driver\src\stm32f10x_dbgmcu.c 0x00000000   Number         0  stm32f10x_dbgmcu.o ABSOLUTE
    ..\Libraries\StdPeriph_Driver\src\stm32f10x_dma.c 0x00000000   Number         0  stm32f10x_dma.o ABSOLUTE
    ..\Libraries\StdPeriph_Driver\src\stm32f10x_exti.c 0x00000000   Number         0  stm32f10x_exti.o ABSOLUTE
    ..\Libraries\StdPeriph_Driver\src\stm32f10x_flash.c 0x00000000   Number         0  stm32f10x_flash.o ABSOLUTE
    ..\Libraries\StdPeriph_Driver\src\stm32f10x_fsmc.c 0x00000000   Number         0  stm32f10x_fsmc.o ABSOLUTE
    ..\Libraries\StdPeriph_Driver\src\stm32f10x_gpio.c 0x00000000   Number         0  stm32f10x_gpio.o ABSOLUTE
    ..\Libraries\StdPeriph_Driver\src\stm32f10x_i2c.c 0x00000000   Number         0  stm32f10x_i2c.o ABSOLUTE
    ..\Libraries\StdPeriph_Driver\src\stm32f10x_iwdg.c 0x00000000   Number         0  stm32f10x_iwdg.o ABSOLUTE
    ..\Libraries\StdPeriph_Driver\src\stm32f10x_pwr.c 0x00000000   Number         0  stm32f10x_pwr.o ABSOLUTE
    ..\Libraries\StdPeriph_Driver\src\stm32f10x_rcc.c 0x00000000   Number         0  stm32f10x_rcc.o ABSOLUTE
    ..\Libraries\StdPeriph_Driver\src\stm32f10x_rtc.c 0x00000000   Number         0  stm32f10x_rtc.o ABSOLUTE
    ..\Libraries\StdPeriph_Driver\src\stm32f10x_sdio.c 0x00000000   Number         0  stm32f10x_sdio.o ABSOLUTE
    ..\Libraries\StdPeriph_Driver\src\stm32f10x_spi.c 0x00000000   Number         0  stm32f10x_spi.o ABSOLUTE
    ..\Libraries\StdPeriph_Driver\src\stm32f10x_tim.c 0x00000000   Number         0  stm32f10x_tim.o ABSOLUTE
    ..\Libraries\StdPeriph_Driver\src\stm32f10x_usart.c 0x00000000   Number         0  stm32f10x_usart.o ABSOLUTE
    ..\Libraries\StdPeriph_Driver\src\stm32f10x_wwdg.c 0x00000000   Number         0  stm32f10x_wwdg.o ABSOLUTE
    ..\User\Apps.c                           0x00000000   Number         0  apps.o ABSOLUTE
    ..\User\ISO14443A.c                      0x00000000   Number         0  iso14443a.o ABSOLUTE
    ..\User\Led.c                            0x00000000   Number         0  led.o ABSOLUTE
    ..\User\MFRC500.c                        0x00000000   Number         0  mfrc500.o ABSOLUTE
    ..\User\ParallelPort.c                   0x00000000   Number         0  parallelport.o ABSOLUTE
    ..\User\PcComm.c                         0x00000000   Number         0  pccomm.o ABSOLUTE
    ..\User\SysTick.c                        0x00000000   Number         0  systick.o ABSOLUTE
    ..\User\USART.c                          0x00000000   Number         0  usart.o ABSOLUTE
    ..\User\Utils.c                          0x00000000   Number         0  utils.o ABSOLUTE
    ..\User\main.c                           0x00000000   Number         0  main.o ABSOLUTE
    ..\User\stm32f10x_it.c                   0x00000000   Number         0  stm32f10x_it.o ABSOLUTE
    ..\User\testbed.c                        0x00000000   Number         0  testbed.o ABSOLUTE
    ..\\Libraries\\CMSIS\\CoreSupport\\core_cm3.c 0x00000000   Number         0  core_cm3.o ABSOLUTE
    dc.s                                     0x00000000   Number         0  dc.o ABSOLUTE
    handlers.s                               0x00000000   Number         0  handlers.o ABSOLUTE
    init.s                                   0x00000000   Number         0  init.o ABSOLUTE
    RESET                                    0x08000000   Section      304  startup_stm32f10x_hd.o(RESET)
    .ARM.Collect$$$$00000000                 0x08000130   Section        0  entry.o(.ARM.Collect$$$$00000000)
    .ARM.Collect$$$$00000001                 0x08000130   Section        4  entry2.o(.ARM.Collect$$$$00000001)
    .ARM.Collect$$$$00000004                 0x08000134   Section        4  entry5.o(.ARM.Collect$$$$00000004)
    .ARM.Collect$$$$00000008                 0x08000138   Section        0  entry7b.o(.ARM.Collect$$$$00000008)
    .ARM.Collect$$$$0000000A                 0x08000138   Section        0  entry8b.o(.ARM.Collect$$$$0000000A)
    .ARM.Collect$$$$0000000B                 0x08000138   Section        8  entry9a.o(.ARM.Collect$$$$0000000B)
    .ARM.Collect$$$$0000000D                 0x08000140   Section        0  entry10a.o(.ARM.Collect$$$$0000000D)
    .ARM.Collect$$$$0000000F                 0x08000140   Section        0  entry11a.o(.ARM.Collect$$$$0000000F)
    .ARM.Collect$$$$00002712                 0x08000140   Section        4  entry2.o(.ARM.Collect$$$$00002712)
    __lit__00000000                          0x08000140   Data           4  entry2.o(.ARM.Collect$$$$00002712)
    .text                                    0x08000144   Section       36  startup_stm32f10x_hd.o(.text)
    .text                                    0x08000168   Section        0  memcpya.o(.text)
    .text                                    0x0800018c   Section        0  memseta.o(.text)
    .text                                    0x080001b0   Section       36  init.o(.text)
    i.BusFault_Handler                       0x080001d4   Section        0  stm32f10x_it.o(i.BusFault_Handler)
    i.ChangeCodeKey                          0x080001d8   Section        0  utils.o(i.ChangeCodeKey)
    i.ClearBitMask                           0x08000216   Section        0  mfrc500.o(i.ClearBitMask)
    i.ComM1Authentication                    0x08000232   Section        0  apps.o(i.ComM1Authentication)
    i.ComM1BlockRead                         0x080002b4   Section        0  apps.o(i.ComM1BlockRead)
    i.ComM1BlockWrite                        0x08000334   Section        0  apps.o(i.ComM1BlockWrite)
    i.ComM1RequestA                          0x080003b4   Section        0  apps.o(i.ComM1RequestA)
    i.ComM1WalletCheck                       0x080003f4   Section        0  apps.o(i.ComM1WalletCheck)
    i.ComM1WalletDebit                       0x0800053a   Section        0  apps.o(i.ComM1WalletDebit)
    i.ComM1WalletInit                        0x080005bc   Section        0  apps.o(i.ComM1WalletInit)
    i.ComM1WalletRecharge                    0x080006ba   Section        0  apps.o(i.ComM1WalletRecharge)
    i.DebugMon_Handler                       0x0800073c   Section        0  stm32f10x_it.o(i.DebugMon_Handler)
    i.Delay_us                               0x08000740   Section        0  systick.o(i.Delay_us)
    i.GPIO_Init                              0x08000768   Section        0  stm32f10x_gpio.o(i.GPIO_Init)
    i.GPIO_ResetBits                         0x0800087e   Section        0  stm32f10x_gpio.o(i.GPIO_ResetBits)
    i.GPIO_SetBits                           0x08000882   Section        0  stm32f10x_gpio.o(i.GPIO_SetBits)
    i.HardFault_Handler                      0x08000886   Section        0  stm32f10x_it.o(i.HardFault_Handler)
    i.LED_GPIO_Config                        0x0800088c   Section        0  led.o(i.LED_GPIO_Config)
    i.MemManage_Handler                      0x080008c0   Section        0  stm32f10x_it.o(i.MemManage_Handler)
    i.Mfrc_Loop                              0x080008c4   Section        0  pccomm.o(i.Mfrc_Loop)
    i.NMI_Handler                            0x08000940   Section        0  stm32f10x_it.o(i.NMI_Handler)
    i.NVIC_Init                              0x08000944   Section        0  misc.o(i.NVIC_Init)
    i.ParallelPortInit                       0x080009b4   Section        0  parallelport.o(i.ParallelPortInit)
    i.PcdAntennaOff                          0x08000a00   Section        0  mfrc500.o(i.PcdAntennaOff)
    i.PcdAntennaOn                           0x08000a0e   Section        0  mfrc500.o(i.PcdAntennaOn)
    i.PcdAuthKey                             0x08000a2e   Section        0  mfrc500.o(i.PcdAuthKey)
    i.PcdAuthState                           0x08000a60   Section        0  iso14443a.o(i.PcdAuthState)
    i.PcdCmdProcess                          0x08000ae4   Section        0  mfrc500.o(i.PcdCmdProcess)
    i.PcdConfigISOType                       0x08000f3a   Section        0  mfrc500.o(i.PcdConfigISOType)
    i.PcdFlushFIFO                           0x08000ff2   Section        0  mfrc500.o(i.PcdFlushFIFO)
    i.PcdReset                               0x08001000   Section        0  mfrc500.o(i.PcdReset)
    i.PcdSetTmo                              0x080010cc   Section        0  mfrc500.o(i.PcdSetTmo)
    i.PendSV_Handler                         0x08001188   Section        0  stm32f10x_it.o(i.PendSV_Handler)
    i.PiccAnticollisionLoop                  0x0800118a   Section        0  iso14443a.o(i.PiccAnticollisionLoop)
    i.PiccCascAnticollision                  0x080013ba   Section        0  iso14443a.o(i.PiccCascAnticollision)
    i.PiccRead                               0x08001474   Section        0  iso14443a.o(i.PiccRead)
    i.PiccRequest                            0x08001510   Section        0  iso14443a.o(i.PiccRequest)
    i.PiccSelect                             0x08001576   Section        0  iso14443a.o(i.PiccSelect)
    i.PiccValues                             0x080015f4   Section        0  iso14443a.o(i.PiccValues)
    i.PiccWrite                              0x0800171a   Section        0  iso14443a.o(i.PiccWrite)
    i.RC500Init                              0x080017e0   Section        0  mfrc500.o(i.RC500Init)
    i.RCC_APB2PeriphClockCmd                 0x08001820   Section        0  stm32f10x_rcc.o(i.RCC_APB2PeriphClockCmd)
    i.RCC_GetClocksFreq                      0x08001840   Section        0  stm32f10x_rcc.o(i.RCC_GetClocksFreq)
    i.ReadRawRC                              0x08001914   Section        0  parallelport.o(i.ReadRawRC)
    i.SVC_Handler                            0x08001a18   Section        0  stm32f10x_it.o(i.SVC_Handler)
    i.SetBitMask                             0x08001a1a   Section        0  mfrc500.o(i.SetBitMask)
    i.SetSysClock                            0x08001a36   Section        0  system_stm32f10x.o(i.SetSysClock)
    SetSysClock                              0x08001a37   Thumb Code     8  system_stm32f10x.o(i.SetSysClock)
    i.SetSysClockTo72                        0x08001a40   Section        0  system_stm32f10x.o(i.SetSysClockTo72)
    SetSysClockTo72                          0x08001a41   Thumb Code   214  system_stm32f10x.o(i.SetSysClockTo72)
    i.SysTick_Handler                        0x08001b20   Section        0  stm32f10x_it.o(i.SysTick_Handler)
    i.SysTick_Init                           0x08001b28   Section        0  systick.o(i.SysTick_Init)
    i.SystemInit                             0x08001ba4   Section        0  system_stm32f10x.o(i.SystemInit)
    i.TimingDelay_Decrement                  0x08001c04   Section        0  systick.o(i.TimingDelay_Decrement)
    i.USART1_IRQHandler                      0x08001c1c   Section        0  stm32f10x_it.o(i.USART1_IRQHandler)
    i.USART_ClearFlag                        0x08001c24   Section        0  stm32f10x_usart.o(i.USART_ClearFlag)
    i.USART_ClearITPendingBit                0x08001c36   Section        0  stm32f10x_usart.o(i.USART_ClearITPendingBit)
    i.USART_ClockInit                        0x08001c54   Section        0  stm32f10x_usart.o(i.USART_ClockInit)
    i.USART_Cmd                              0x08001c76   Section        0  stm32f10x_usart.o(i.USART_Cmd)
    i.USART_Config                           0x08001c90   Section        0  usart.o(i.USART_Config)
    i.USART_GetFlagStatus                    0x08001d5c   Section        0  stm32f10x_usart.o(i.USART_GetFlagStatus)
    i.USART_GetITStatus                      0x08001d76   Section        0  stm32f10x_usart.o(i.USART_GetITStatus)
    i.USART_ITConfig                         0x08001dca   Section        0  stm32f10x_usart.o(i.USART_ITConfig)
    i.USART_Init                             0x08001e14   Section        0  stm32f10x_usart.o(i.USART_Init)
    i.USART_ReceiveData                      0x08001eec   Section        0  stm32f10x_usart.o(i.USART_ReceiveData)
    i.USART_SendData                         0x08001ef6   Section        0  stm32f10x_usart.o(i.USART_SendData)
    i.USART_Transmit                         0x08001f00   Section        0  usart.o(i.USART_Transmit)
    i.USART_TransmitOne                      0x08001f38   Section        0  usart.o(i.USART_TransmitOne)
    i.Uart1_BufReset                         0x08001f60   Section        0  usart.o(i.Uart1_BufReset)
    i.Uart1_IRQHandler                       0x08001f88   Section        0  usart.o(i.Uart1_IRQHandler)
    i.UsageFault_Handler                     0x08002040   Section        0  stm32f10x_it.o(i.UsageFault_Handler)
    i.WriteRawRC                             0x08002044   Section        0  parallelport.o(i.WriteRawRC)
    i.__scatterload_copy                     0x08002144   Section       14  handlers.o(i.__scatterload_copy)
    i.__scatterload_null                     0x08002152   Section        2  handlers.o(i.__scatterload_null)
    i.__scatterload_zeroinit                 0x08002154   Section       14  handlers.o(i.__scatterload_zeroinit)
    i.main                                   0x08002164   Section        0  main.o(i.main)
    i.send_error                             0x08002198   Section        0  pccomm.o(i.send_error)
    i.send_feedback                          0x080021c2   Section        0  pccomm.o(i.send_feedback)
    i.usart_process                          0x08002214   Section        0  pccomm.o(i.usart_process)
    .data                                    0x20000000   Section       20  system_stm32f10x.o(.data)
    .data                                    0x20000014   Section       20  stm32f10x_rcc.o(.data)
    APBAHBPrescTable                         0x20000014   Data          16  stm32f10x_rcc.o(.data)
    ADCPrescTable                            0x20000024   Data           4  stm32f10x_rcc.o(.data)
    .data                                    0x20000028   Section        4  systick.o(.data)
    TimingDelay                              0x20000028   Data           4  systick.o(.data)
    .data                                    0x2000002c   Section        4  usart.o(.data)
    .data                                    0x20000030   Section        2  pccomm.o(.data)
    .bss                                     0x20000034   Section       64  usart.o(.bss)
    STACK                                    0x20000078   Section     1024  startup_stm32f10x_hd.o(STACK)

    Global Symbols

    Symbol Name                              Value     Ov Type        Size  Object(Section)

    BuildAttributes$$THM_ISAv4$P$D$K$B$S$PE$A:L22UL41UL21$X:L11$S22US41US21$IEEE1$IW$USESV6$~STKCKD$USESV7$~SHL$OSPACE$EBA8$MICROLIB$REQ8$PRES8$EABIv2 0x00000000   Number         0  anon$$obj.o ABSOLUTE
    __ARM_use_no_argv                        0x00000000   Number         0  main.o ABSOLUTE
    __cpp_initialize__aeabi_                  - Undefined Weak Reference
    __cxa_finalize                            - Undefined Weak Reference
    __decompress                              - Undefined Weak Reference
    _clock_init                               - Undefined Weak Reference
    _microlib_exit                            - Undefined Weak Reference
    __Vectors_Size                           0x00000130   Number         0  startup_stm32f10x_hd.o ABSOLUTE
    __Vectors                                0x08000000   Data           4  startup_stm32f10x_hd.o(RESET)
    __Vectors_End                            0x08000130   Data           0  startup_stm32f10x_hd.o(RESET)
    __main                                   0x08000131   Thumb Code     0  entry.o(.ARM.Collect$$$$00000000)
    _main_stk                                0x08000131   Thumb Code     0  entry2.o(.ARM.Collect$$$$00000001)
    _main_scatterload                        0x08000135   Thumb Code     0  entry5.o(.ARM.Collect$$$$00000004)
    __main_after_scatterload                 0x08000139   Thumb Code     0  entry5.o(.ARM.Collect$$$$00000004)
    _main_clock                              0x08000139   Thumb Code     0  entry7b.o(.ARM.Collect$$$$00000008)
    _main_cpp_init                           0x08000139   Thumb Code     0  entry8b.o(.ARM.Collect$$$$0000000A)
    _main_init                               0x08000139   Thumb Code     0  entry9a.o(.ARM.Collect$$$$0000000B)
    __rt_final_cpp                           0x08000141   Thumb Code     0  entry10a.o(.ARM.Collect$$$$0000000D)
    __rt_final_exit                          0x08000141   Thumb Code     0  entry11a.o(.ARM.Collect$$$$0000000F)
    Reset_Handler                            0x08000145   Thumb Code     8  startup_stm32f10x_hd.o(.text)
    ADC1_2_IRQHandler                        0x0800015f   Thumb Code     0  startup_stm32f10x_hd.o(.text)
    ADC3_IRQHandler                          0x0800015f   Thumb Code     0  startup_stm32f10x_hd.o(.text)
    CAN1_RX1_IRQHandler                      0x0800015f   Thumb Code     0  startup_stm32f10x_hd.o(.text)
    CAN1_SCE_IRQHandler                      0x0800015f   Thumb Code     0  startup_stm32f10x_hd.o(.text)
    DMA1_Channel1_IRQHandler                 0x0800015f   Thumb Code     0  startup_stm32f10x_hd.o(.text)
    DMA1_Channel2_IRQHandler                 0x0800015f   Thumb Code     0  startup_stm32f10x_hd.o(.text)
    DMA1_Channel3_IRQHandler                 0x0800015f   Thumb Code     0  startup_stm32f10x_hd.o(.text)
    DMA1_Channel4_IRQHandler                 0x0800015f   Thumb Code     0  startup_stm32f10x_hd.o(.text)
    DMA1_Channel5_IRQHandler                 0x0800015f   Thumb Code     0  startup_stm32f10x_hd.o(.text)
    DMA1_Channel6_IRQHandler                 0x0800015f   Thumb Code     0  startup_stm32f10x_hd.o(.text)
    DMA1_Channel7_IRQHandler                 0x0800015f   Thumb Code     0  startup_stm32f10x_hd.o(.text)
    DMA2_Channel1_IRQHandler                 0x0800015f   Thumb Code     0  startup_stm32f10x_hd.o(.text)
    DMA2_Channel2_IRQHandler                 0x0800015f   Thumb Code     0  startup_stm32f10x_hd.o(.text)
    DMA2_Channel3_IRQHandler                 0x0800015f   Thumb Code     0  startup_stm32f10x_hd.o(.text)
    DMA2_Channel4_5_IRQHandler               0x0800015f   Thumb Code     0  startup_stm32f10x_hd.o(.text)
    EXTI0_IRQHandler                         0x0800015f   Thumb Code     0  startup_stm32f10x_hd.o(.text)
    EXTI15_10_IRQHandler                     0x0800015f   Thumb Code     0  startup_stm32f10x_hd.o(.text)
    EXTI1_IRQHandler                         0x0800015f   Thumb Code     0  startup_stm32f10x_hd.o(.text)
    EXTI2_IRQHandler                         0x0800015f   Thumb Code     0  startup_stm32f10x_hd.o(.text)
    EXTI3_IRQHandler                         0x0800015f   Thumb Code     0  startup_stm32f10x_hd.o(.text)
    EXTI4_IRQHandler                         0x0800015f   Thumb Code     0  startup_stm32f10x_hd.o(.text)
    EXTI9_5_IRQHandler                       0x0800015f   Thumb Code     0  startup_stm32f10x_hd.o(.text)
    FLASH_IRQHandler                         0x0800015f   Thumb Code     0  startup_stm32f10x_hd.o(.text)
    FSMC_IRQHandler                          0x0800015f   Thumb Code     0  startup_stm32f10x_hd.o(.text)
    I2C1_ER_IRQHandler                       0x0800015f   Thumb Code     0  startup_stm32f10x_hd.o(.text)
    I2C1_EV_IRQHandler                       0x0800015f   Thumb Code     0  startup_stm32f10x_hd.o(.text)
    I2C2_ER_IRQHandler                       0x0800015f   Thumb Code     0  startup_stm32f10x_hd.o(.text)
    I2C2_EV_IRQHandler                       0x0800015f   Thumb Code     0  startup_stm32f10x_hd.o(.text)
    PVD_IRQHandler                           0x0800015f   Thumb Code     0  startup_stm32f10x_hd.o(.text)
    RCC_IRQHandler                           0x0800015f   Thumb Code     0  startup_stm32f10x_hd.o(.text)
    RTCAlarm_IRQHandler                      0x0800015f   Thumb Code     0  startup_stm32f10x_hd.o(.text)
    RTC_IRQHandler                           0x0800015f   Thumb Code     0  startup_stm32f10x_hd.o(.text)
    SDIO_IRQHandler                          0x0800015f   Thumb Code     0  startup_stm32f10x_hd.o(.text)
    SPI1_IRQHandler                          0x0800015f   Thumb Code     0  startup_stm32f10x_hd.o(.text)
    SPI2_IRQHandler                          0x0800015f   Thumb Code     0  startup_stm32f10x_hd.o(.text)
    SPI3_IRQHandler                          0x0800015f   Thumb Code     0  startup_stm32f10x_hd.o(.text)
    TAMPER_IRQHandler                        0x0800015f   Thumb Code     0  startup_stm32f10x_hd.o(.text)
    TIM1_BRK_IRQHandler                      0x0800015f   Thumb Code     0  startup_stm32f10x_hd.o(.text)
    TIM1_CC_IRQHandler                       0x0800015f   Thumb Code     0  startup_stm32f10x_hd.o(.text)
    TIM1_TRG_COM_IRQHandler                  0x0800015f   Thumb Code     0  startup_stm32f10x_hd.o(.text)
    TIM1_UP_IRQHandler                       0x0800015f   Thumb Code     0  startup_stm32f10x_hd.o(.text)
    TIM2_IRQHandler                          0x0800015f   Thumb Code     0  startup_stm32f10x_hd.o(.text)
    TIM3_IRQHandler                          0x0800015f   Thumb Code     0  startup_stm32f10x_hd.o(.text)
    TIM4_IRQHandler                          0x0800015f   Thumb Code     0  startup_stm32f10x_hd.o(.text)
    TIM5_IRQHandler                          0x0800015f   Thumb Code     0  startup_stm32f10x_hd.o(.text)
    TIM6_IRQHandler                          0x0800015f   Thumb Code     0  startup_stm32f10x_hd.o(.text)
    TIM7_IRQHandler                          0x0800015f   Thumb Code     0  startup_stm32f10x_hd.o(.text)
    TIM8_BRK_IRQHandler                      0x0800015f   Thumb Code     0  startup_stm32f10x_hd.o(.text)
    TIM8_CC_IRQHandler                       0x0800015f   Thumb Code     0  startup_stm32f10x_hd.o(.text)
    TIM8_TRG_COM_IRQHandler                  0x0800015f   Thumb Code     0  startup_stm32f10x_hd.o(.text)
    TIM8_UP_IRQHandler                       0x0800015f   Thumb Code     0  startup_stm32f10x_hd.o(.text)
    UART4_IRQHandler                         0x0800015f   Thumb Code     0  startup_stm32f10x_hd.o(.text)
    UART5_IRQHandler                         0x0800015f   Thumb Code     0  startup_stm32f10x_hd.o(.text)
    USART2_IRQHandler                        0x0800015f   Thumb Code     0  startup_stm32f10x_hd.o(.text)
    USART3_IRQHandler                        0x0800015f   Thumb Code     0  startup_stm32f10x_hd.o(.text)
    USBWakeUp_IRQHandler                     0x0800015f   Thumb Code     0  startup_stm32f10x_hd.o(.text)
    USB_HP_CAN1_TX_IRQHandler                0x0800015f   Thumb Code     0  startup_stm32f10x_hd.o(.text)
    USB_LP_CAN1_RX0_IRQHandler               0x0800015f   Thumb Code     0  startup_stm32f10x_hd.o(.text)
    WWDG_IRQHandler                          0x0800015f   Thumb Code     0  startup_stm32f10x_hd.o(.text)
    __aeabi_memcpy                           0x08000169   Thumb Code    36  memcpya.o(.text)
    __aeabi_memcpy4                          0x08000169   Thumb Code     0  memcpya.o(.text)
    __aeabi_memcpy8                          0x08000169   Thumb Code     0  memcpya.o(.text)
    __aeabi_memset                           0x0800018d   Thumb Code    14  memseta.o(.text)
    __aeabi_memset4                          0x0800018d   Thumb Code     0  memseta.o(.text)
    __aeabi_memset8                          0x0800018d   Thumb Code     0  memseta.o(.text)
    __aeabi_memclr                           0x0800019b   Thumb Code     4  memseta.o(.text)
    __aeabi_memclr4                          0x0800019b   Thumb Code     0  memseta.o(.text)
    __aeabi_memclr8                          0x0800019b   Thumb Code     0  memseta.o(.text)
    _memset$wrapper                          0x0800019f   Thumb Code    18  memseta.o(.text)
    __scatterload                            0x080001b1   Thumb Code    28  init.o(.text)
    __scatterload_rt2                        0x080001b1   Thumb Code     0  init.o(.text)
    BusFault_Handler                         0x080001d5   Thumb Code     4  stm32f10x_it.o(i.BusFault_Handler)
    ChangeCodeKey                            0x080001d9   Thumb Code    62  utils.o(i.ChangeCodeKey)
    ClearBitMask                             0x08000217   Thumb Code    28  mfrc500.o(i.ClearBitMask)
    ComM1Authentication                      0x08000233   Thumb Code   130  apps.o(i.ComM1Authentication)
    ComM1BlockRead                           0x080002b5   Thumb Code   128  apps.o(i.ComM1BlockRead)
    ComM1BlockWrite                          0x08000335   Thumb Code   128  apps.o(i.ComM1BlockWrite)
    ComM1RequestA                            0x080003b5   Thumb Code    64  apps.o(i.ComM1RequestA)
    ComM1WalletCheck                         0x080003f5   Thumb Code   326  apps.o(i.ComM1WalletCheck)
    ComM1WalletDebit                         0x0800053b   Thumb Code   130  apps.o(i.ComM1WalletDebit)
    ComM1WalletInit                          0x080005bd   Thumb Code   254  apps.o(i.ComM1WalletInit)
    ComM1WalletRecharge                      0x080006bb   Thumb Code   130  apps.o(i.ComM1WalletRecharge)
    DebugMon_Handler                         0x0800073d   Thumb Code     2  stm32f10x_it.o(i.DebugMon_Handler)
    Delay_us                                 0x08000741   Thumb Code    36  systick.o(i.Delay_us)
    GPIO_Init                                0x08000769   Thumb Code   278  stm32f10x_gpio.o(i.GPIO_Init)
    GPIO_ResetBits                           0x0800087f   Thumb Code     4  stm32f10x_gpio.o(i.GPIO_ResetBits)
    GPIO_SetBits                             0x08000883   Thumb Code     4  stm32f10x_gpio.o(i.GPIO_SetBits)
    HardFault_Handler                        0x08000887   Thumb Code     4  stm32f10x_it.o(i.HardFault_Handler)
    LED_GPIO_Config                          0x0800088d   Thumb Code    46  led.o(i.LED_GPIO_Config)
    MemManage_Handler                        0x080008c1   Thumb Code     4  stm32f10x_it.o(i.MemManage_Handler)
    Mfrc_Loop                                0x080008c5   Thumb Code   102  pccomm.o(i.Mfrc_Loop)
    NMI_Handler                              0x08000941   Thumb Code     2  stm32f10x_it.o(i.NMI_Handler)
    NVIC_Init                                0x08000945   Thumb Code   100  misc.o(i.NVIC_Init)
    ParallelPortInit                         0x080009b5   Thumb Code    68  parallelport.o(i.ParallelPortInit)
    PcdAntennaOff                            0x08000a01   Thumb Code    14  mfrc500.o(i.PcdAntennaOff)
    PcdAntennaOn                             0x08000a0f   Thumb Code    32  mfrc500.o(i.PcdAntennaOn)
    PcdAuthKey                               0x08000a2f   Thumb Code    50  mfrc500.o(i.PcdAuthKey)
    PcdAuthState                             0x08000a61   Thumb Code   132  iso14443a.o(i.PcdAuthState)
    PcdCmdProcess                            0x08000ae5   Thumb Code  1110  mfrc500.o(i.PcdCmdProcess)
    PcdConfigISOType                         0x08000f3b   Thumb Code   184  mfrc500.o(i.PcdConfigISOType)
    PcdFlushFIFO                             0x08000ff3   Thumb Code    12  mfrc500.o(i.PcdFlushFIFO)
    PcdReset                                 0x08001001   Thumb Code   196  mfrc500.o(i.PcdReset)
    PcdSetTmo                                0x080010cd   Thumb Code   188  mfrc500.o(i.PcdSetTmo)
    PendSV_Handler                           0x08001189   Thumb Code     2  stm32f10x_it.o(i.PendSV_Handler)
    PiccAnticollisionLoop                    0x0800118b   Thumb Code   560  iso14443a.o(i.PiccAnticollisionLoop)
    PiccCascAnticollision                    0x080013bb   Thumb Code   186  iso14443a.o(i.PiccCascAnticollision)
    PiccRead                                 0x08001475   Thumb Code   136  iso14443a.o(i.PiccRead)
    PiccRequest                              0x08001511   Thumb Code   102  iso14443a.o(i.PiccRequest)
    PiccSelect                               0x08001577   Thumb Code   126  iso14443a.o(i.PiccSelect)
    PiccValues                               0x080015f5   Thumb Code   294  iso14443a.o(i.PiccValues)
    PiccWrite                                0x0800171b   Thumb Code   198  iso14443a.o(i.PiccWrite)
    RC500Init                                0x080017e1   Thumb Code    60  mfrc500.o(i.RC500Init)
    RCC_APB2PeriphClockCmd                   0x08001821   Thumb Code    26  stm32f10x_rcc.o(i.RCC_APB2PeriphClockCmd)
    RCC_GetClocksFreq                        0x08001841   Thumb Code   192  stm32f10x_rcc.o(i.RCC_GetClocksFreq)
    ReadRawRC                                0x08001915   Thumb Code   250  parallelport.o(i.ReadRawRC)
    SVC_Handler                              0x08001a19   Thumb Code     2  stm32f10x_it.o(i.SVC_Handler)
    SetBitMask                               0x08001a1b   Thumb Code    28  mfrc500.o(i.SetBitMask)
    SysTick_Handler                          0x08001b21   Thumb Code     8  stm32f10x_it.o(i.SysTick_Handler)
    SysTick_Init                             0x08001b29   Thumb Code   106  systick.o(i.SysTick_Init)
    SystemInit                               0x08001ba5   Thumb Code    78  system_stm32f10x.o(i.SystemInit)
    TimingDelay_Decrement                    0x08001c05   Thumb Code    18  systick.o(i.TimingDelay_Decrement)
    USART1_IRQHandler                        0x08001c1d   Thumb Code     8  stm32f10x_it.o(i.USART1_IRQHandler)
    USART_ClearFlag                          0x08001c25   Thumb Code    18  stm32f10x_usart.o(i.USART_ClearFlag)
    USART_ClearITPendingBit                  0x08001c37   Thumb Code    30  stm32f10x_usart.o(i.USART_ClearITPendingBit)
    USART_ClockInit                          0x08001c55   Thumb Code    34  stm32f10x_usart.o(i.USART_ClockInit)
    USART_Cmd                                0x08001c77   Thumb Code    24  stm32f10x_usart.o(i.USART_Cmd)
    USART_Config                             0x08001c91   Thumb Code   194  usart.o(i.USART_Config)
    USART_GetFlagStatus                      0x08001d5d   Thumb Code    26  stm32f10x_usart.o(i.USART_GetFlagStatus)
    USART_GetITStatus                        0x08001d77   Thumb Code    84  stm32f10x_usart.o(i.USART_GetITStatus)
    USART_ITConfig                           0x08001dcb   Thumb Code    74  stm32f10x_usart.o(i.USART_ITConfig)
    USART_Init                               0x08001e15   Thumb Code   210  stm32f10x_usart.o(i.USART_Init)
    USART_ReceiveData                        0x08001eed   Thumb Code    10  stm32f10x_usart.o(i.USART_ReceiveData)
    USART_SendData                           0x08001ef7   Thumb Code     8  stm32f10x_usart.o(i.USART_SendData)
    USART_Transmit                           0x08001f01   Thumb Code    50  usart.o(i.USART_Transmit)
    USART_TransmitOne                        0x08001f39   Thumb Code    36  usart.o(i.USART_TransmitOne)
    Uart1_BufReset                           0x08001f61   Thumb Code    22  usart.o(i.Uart1_BufReset)
    Uart1_IRQHandler                         0x08001f89   Thumb Code   158  usart.o(i.Uart1_IRQHandler)
    UsageFault_Handler                       0x08002041   Thumb Code     4  stm32f10x_it.o(i.UsageFault_Handler)
    WriteRawRC                               0x08002045   Thumb Code   248  parallelport.o(i.WriteRawRC)
    __scatterload_copy                       0x08002145   Thumb Code    14  handlers.o(i.__scatterload_copy)
    __scatterload_null                       0x08002153   Thumb Code     2  handlers.o(i.__scatterload_null)
    __scatterload_zeroinit                   0x08002155   Thumb Code    14  handlers.o(i.__scatterload_zeroinit)
    main                                     0x08002165   Thumb Code    46  main.o(i.main)
    send_error                               0x08002199   Thumb Code    42  pccomm.o(i.send_error)
    send_feedback                            0x080021c3   Thumb Code    82  pccomm.o(i.send_feedback)
    usart_process                            0x08002215   Thumb Code   776  pccomm.o(i.usart_process)
    Region$$Table$$Base                      0x08002538   Number         0  anon$$obj.o(Region$$Table)
    Region$$Table$$Limit                     0x08002558   Number         0  anon$$obj.o(Region$$Table)
    SystemCoreClock                          0x20000000   Data           4  system_stm32f10x.o(.data)
    AHBPrescTable                            0x20000004   Data          16  system_stm32f10x.o(.data)
    RxCounter                                0x2000002c   Data           1  usart.o(.data)
    RxComplete                               0x2000002d   Data           1  usart.o(.data)
    cmdStart                                 0x2000002e   Data           1  usart.o(.data)
    cmdLen                                   0x2000002f   Data           1  usart.o(.data)
    success                                  0x20000030   Data           1  pccomm.o(.data)
    failed                                   0x20000031   Data           1  pccomm.o(.data)
    RxBuf                                    0x20000034   Data          64  usart.o(.bss)
    __initial_sp                             0x20000478   Data           0  startup_stm32f10x_hd.o(STACK)



==============================================================================

Memory Map of the image

  Image Entry point : 0x08000131

  Load Region LR_IROM1 (Base: 0x08000000, Size: 0x0000258c, Max: 0x00080000, ABSOLUTE)

    Execution Region ER_IROM1 (Base: 0x08000000, Size: 0x00002558, Max: 0x00080000, ABSOLUTE)

    Base Addr    Size         Type   Attr      Idx    E Section Name        Object

    0x08000000   0x00000130   Data   RO            3    RESET               startup_stm32f10x_hd.o
    0x08000130   0x00000000   Code   RO         3634  * .ARM.Collect$$$$00000000  mc_w.l(entry.o)
    0x08000130   0x00000004   Code   RO         3643    .ARM.Collect$$$$00000001  mc_w.l(entry2.o)
    0x08000134   0x00000004   Code   RO         3646    .ARM.Collect$$$$00000004  mc_w.l(entry5.o)
    0x08000138   0x00000000   Code   RO         3648    .ARM.Collect$$$$00000008  mc_w.l(entry7b.o)
    0x08000138   0x00000000   Code   RO         3650    .ARM.Collect$$$$0000000A  mc_w.l(entry8b.o)
    0x08000138   0x00000008   Code   RO         3651    .ARM.Collect$$$$0000000B  mc_w.l(entry9a.o)
    0x08000140   0x00000000   Code   RO         3653    .ARM.Collect$$$$0000000D  mc_w.l(entry10a.o)
    0x08000140   0x00000000   Code   RO         3655    .ARM.Collect$$$$0000000F  mc_w.l(entry11a.o)
    0x08000140   0x00000004   Code   RO         3644    .ARM.Collect$$$$00002712  mc_w.l(entry2.o)
    0x08000144   0x00000024   Code   RO            4    .text               startup_stm32f10x_hd.o
    0x08000168   0x00000024   Code   RO         3637    .text               mc_w.l(memcpya.o)
    0x0800018c   0x00000024   Code   RO         3639    .text               mc_w.l(memseta.o)
    0x080001b0   0x00000024   Code   RO         3657    .text               mc_w.l(init.o)
    0x080001d4   0x00000004   Code   RO         3231    i.BusFault_Handler  stm32f10x_it.o
    0x080001d8   0x0000003e   Code   RO         3462    i.ChangeCodeKey     utils.o
    0x08000216   0x0000001c   Code   RO         3324    i.ClearBitMask      mfrc500.o
    0x08000232   0x00000082   Code   RO         3483    i.ComM1Authentication  apps.o
    0x080002b4   0x00000080   Code   RO         3484    i.ComM1BlockRead    apps.o
    0x08000334   0x00000080   Code   RO         3485    i.ComM1BlockWrite   apps.o
    0x080003b4   0x00000040   Code   RO         3486    i.ComM1RequestA     apps.o
    0x080003f4   0x00000146   Code   RO         3487    i.ComM1WalletCheck  apps.o
    0x0800053a   0x00000082   Code   RO         3488    i.ComM1WalletDebit  apps.o
    0x080005bc   0x000000fe   Code   RO         3489    i.ComM1WalletInit   apps.o
    0x080006ba   0x00000082   Code   RO         3490    i.ComM1WalletRecharge  apps.o
    0x0800073c   0x00000002   Code   RO         3232    i.DebugMon_Handler  stm32f10x_it.o
    0x0800073e   0x00000002   PAD
    0x08000740   0x00000028   Code   RO         3147    i.Delay_us          systick.o
    0x08000768   0x00000116   Code   RO         1268    i.GPIO_Init         stm32f10x_gpio.o
    0x0800087e   0x00000004   Code   RO         1275    i.GPIO_ResetBits    stm32f10x_gpio.o
    0x08000882   0x00000004   Code   RO         1276    i.GPIO_SetBits      stm32f10x_gpio.o
    0x08000886   0x00000004   Code   RO         3233    i.HardFault_Handler  stm32f10x_it.o
    0x0800088a   0x00000002   PAD
    0x0800088c   0x00000034   Code   RO         3586    i.LED_GPIO_Config   led.o
    0x080008c0   0x00000004   Code   RO         3234    i.MemManage_Handler  stm32f10x_it.o
    0x080008c4   0x0000007c   Code   RO         3598    i.Mfrc_Loop         pccomm.o
    0x08000940   0x00000002   Code   RO         3235    i.NMI_Handler       stm32f10x_it.o
    0x08000942   0x00000002   PAD
    0x08000944   0x00000070   Code   RO           77    i.NVIC_Init         misc.o
    0x080009b4   0x0000004c   Code   RO         3300    i.ParallelPortInit  parallelport.o
    0x08000a00   0x0000000e   Code   RO         3325    i.PcdAntennaOff     mfrc500.o
    0x08000a0e   0x00000020   Code   RO         3326    i.PcdAntennaOn      mfrc500.o
    0x08000a2e   0x00000032   Code   RO         3327    i.PcdAuthKey        mfrc500.o
    0x08000a60   0x00000084   Code   RO         3405    i.PcdAuthState      iso14443a.o
    0x08000ae4   0x00000456   Code   RO         3328    i.PcdCmdProcess     mfrc500.o
    0x08000f3a   0x000000b8   Code   RO         3329    i.PcdConfigISOType  mfrc500.o
    0x08000ff2   0x0000000c   Code   RO         3330    i.PcdFlushFIFO      mfrc500.o
    0x08000ffe   0x00000002   PAD
    0x08001000   0x000000cc   Code   RO         3331    i.PcdReset          mfrc500.o
    0x080010cc   0x000000bc   Code   RO         3332    i.PcdSetTmo         mfrc500.o
    0x08001188   0x00000002   Code   RO         3236    i.PendSV_Handler    stm32f10x_it.o
    0x0800118a   0x00000230   Code   RO         3406    i.PiccAnticollisionLoop  iso14443a.o
    0x080013ba   0x000000ba   Code   RO         3407    i.PiccCascAnticollision  iso14443a.o
    0x08001474   0x0000009c   Code   RO         3408    i.PiccRead          iso14443a.o
    0x08001510   0x00000066   Code   RO         3409    i.PiccRequest       iso14443a.o
    0x08001576   0x0000007e   Code   RO         3410    i.PiccSelect        iso14443a.o
    0x080015f4   0x00000126   Code   RO         3411    i.PiccValues        iso14443a.o
    0x0800171a   0x000000c6   Code   RO         3412    i.PiccWrite         iso14443a.o
    0x080017e0   0x00000040   Code   RO         3333    i.RC500Init         mfrc500.o
    0x08001820   0x00000020   Code   RO         1695    i.RCC_APB2PeriphClockCmd  stm32f10x_rcc.o
    0x08001840   0x000000d4   Code   RO         1703    i.RCC_GetClocksFreq  stm32f10x_rcc.o
    0x08001914   0x00000104   Code   RO         3301    i.ReadRawRC         parallelport.o
    0x08001a18   0x00000002   Code   RO         3237    i.SVC_Handler       stm32f10x_it.o
    0x08001a1a   0x0000001c   Code   RO         3335    i.SetBitMask        mfrc500.o
    0x08001a36   0x00000008   Code   RO           24    i.SetSysClock       system_stm32f10x.o
    0x08001a3e   0x00000002   PAD
    0x08001a40   0x000000e0   Code   RO           25    i.SetSysClockTo72   system_stm32f10x.o
    0x08001b20   0x00000008   Code   RO         3238    i.SysTick_Handler   stm32f10x_it.o
    0x08001b28   0x0000007c   Code   RO         3148    i.SysTick_Init      systick.o
    0x08001ba4   0x00000060   Code   RO           27    i.SystemInit        system_stm32f10x.o
    0x08001c04   0x00000018   Code   RO         3149    i.TimingDelay_Decrement  systick.o
    0x08001c1c   0x00000008   Code   RO         3239    i.USART1_IRQHandler  stm32f10x_it.o
    0x08001c24   0x00000012   Code   RO         2871    i.USART_ClearFlag   stm32f10x_usart.o
    0x08001c36   0x0000001e   Code   RO         2872    i.USART_ClearITPendingBit  stm32f10x_usart.o
    0x08001c54   0x00000022   Code   RO         2873    i.USART_ClockInit   stm32f10x_usart.o
    0x08001c76   0x00000018   Code   RO         2875    i.USART_Cmd         stm32f10x_usart.o
    0x08001c8e   0x00000002   PAD
    0x08001c90   0x000000cc   Code   RO         3182    i.USART_Config      usart.o
    0x08001d5c   0x0000001a   Code   RO         2878    i.USART_GetFlagStatus  stm32f10x_usart.o
    0x08001d76   0x00000054   Code   RO         2879    i.USART_GetITStatus  stm32f10x_usart.o
    0x08001dca   0x0000004a   Code   RO         2881    i.USART_ITConfig    stm32f10x_usart.o
    0x08001e14   0x000000d8   Code   RO         2882    i.USART_Init        stm32f10x_usart.o
    0x08001eec   0x0000000a   Code   RO         2889    i.USART_ReceiveData  stm32f10x_usart.o
    0x08001ef6   0x00000008   Code   RO         2892    i.USART_SendData    stm32f10x_usart.o
    0x08001efe   0x00000002   PAD
    0x08001f00   0x00000038   Code   RO         3183    i.USART_Transmit    usart.o
    0x08001f38   0x00000028   Code   RO         3184    i.USART_TransmitOne  usart.o
    0x08001f60   0x00000028   Code   RO         3185    i.Uart1_BufReset    usart.o
    0x08001f88   0x000000b8   Code   RO         3186    i.Uart1_IRQHandler  usart.o
    0x08002040   0x00000004   Code   RO         3240    i.UsageFault_Handler  stm32f10x_it.o
    0x08002044   0x00000100   Code   RO         3302    i.WriteRawRC        parallelport.o
    0x08002144   0x0000000e   Code   RO         3661    i.__scatterload_copy  mc_w.l(handlers.o)
    0x08002152   0x00000002   Code   RO         3662    i.__scatterload_null  mc_w.l(handlers.o)
    0x08002154   0x0000000e   Code   RO         3663    i.__scatterload_zeroinit  mc_w.l(handlers.o)
    0x08002162   0x00000002   PAD
    0x08002164   0x00000034   Code   RO         3108    i.main              main.o
    0x08002198   0x0000002a   Code   RO         3599    i.send_error        pccomm.o
    0x080021c2   0x00000052   Code   RO         3600    i.send_feedback     pccomm.o
    0x08002214   0x00000324   Code   RO         3601    i.usart_process     pccomm.o
    0x08002538   0x00000020   Data   RO         3659    Region$$Table       anon$$obj.o


    Execution Region RW_IRAM1 (Base: 0x20000000, Size: 0x00000478, Max: 0x00010000, ABSOLUTE)

    Base Addr    Size         Type   Attr      Idx    E Section Name        Object

    0x20000000   0x00000014   Data   RW           28    .data               system_stm32f10x.o
    0x20000014   0x00000014   Data   RW         1723    .data               stm32f10x_rcc.o
    0x20000028   0x00000004   Data   RW         3150    .data               systick.o
    0x2000002c   0x00000004   Data   RW         3189    .data               usart.o
    0x20000030   0x00000002   Data   RW         3602    .data               pccomm.o
    0x20000032   0x00000002   PAD
    0x20000034   0x00000040   Zero   RW         3188    .bss                usart.o
    0x20000074   0x00000004   PAD
    0x20000078   0x00000400   Zero   RW            1    STACK               startup_stm32f10x_hd.o


==============================================================================

Image component sizes


      Code (inc. data)   RO Data    RW Data    ZI Data      Debug   Object Name

      1290          0          0          0          0       7239   apps.o
         0          0          0          0          0       4264   core_cm3.o
      1754         20          0          0          0       7222   iso14443a.o
        52          6          0          0          0        474   led.o
        52          6          0          0          0       2535   main.o
      1914         22          0          0          0       7605   mfrc500.o
       112         12          0          0          0       2764   misc.o
       592         26          0          0          0       2004   parallelport.o
      1052         82          0          2          0       3662   pccomm.o
        36          8        304          0       1024        860   startup_stm32f10x_hd.o
       286          0          0          0          0       3052   stm32f10x_gpio.o
        40          0          0          0          0       4182   stm32f10x_it.o
       244         26          0         20          0       3889   stm32f10x_rcc.o
       524          6          0          0          0       7971   stm32f10x_usart.o
       328         28          0         20          0     228737   system_stm32f10x.o
       188         28          0          4          0      17081   systick.o
       524         64          0          4         64       3533   usart.o
        62          0          0          0          0        632   utils.o

    ----------------------------------------------------------------------
      9064        334        336         52       1092     307706   Object Totals
         0          0         32          0          0          0   (incl. Generated)
        14          0          0          2          4          0   (incl. Padding)

    ----------------------------------------------------------------------

      Code (inc. data)   RO Data    RW Data    ZI Data      Debug   Library Member Name

         0          0          0          0          0          0   entry.o
         0          0          0          0          0          0   entry10a.o
         0          0          0          0          0          0   entry11a.o
         8          4          0          0          0          0   entry2.o
         4          0          0          0          0          0   entry5.o
         0          0          0          0          0          0   entry7b.o
         0          0          0          0          0          0   entry8b.o
         8          4          0          0          0          0   entry9a.o
        30          0          0          0          0          0   handlers.o
        36          8          0          0          0         68   init.o
        36          0          0          0          0         68   memcpya.o
        36          0          0          0          0        108   memseta.o

    ----------------------------------------------------------------------
       160         16          0          0          0        244   Library Totals
         2          0          0          0          0          0   (incl. Padding)

    ----------------------------------------------------------------------

      Code (inc. data)   RO Data    RW Data    ZI Data      Debug   Library Name

       158         16          0          0          0        244   mc_w.l

    ----------------------------------------------------------------------
       160         16          0          0          0        244   Library Totals

    ----------------------------------------------------------------------

==============================================================================


      Code (inc. data)   RO Data    RW Data    ZI Data      Debug   

      9224        350        336         52       1092     304462   Grand Totals
      9224        350        336         52       1092     304462   ELF Image Totals
      9224        350        336         52          0          0   ROM Totals

==============================================================================

    Total RO  Size (Code + RO Data)                 9560 (   9.34kB)
    Total RW  Size (RW Data + ZI Data)              1144 (   1.12kB)
    Total ROM Size (Code + RO Data + RW Data)       9612 (   9.39kB)

==============================================================================

